Add your message links from the point you wish to start from or leave it blank.
https://t.me/Seele_WW_Leak/10740
https://t.me/Team_Gemberry78/2931
https://t.me/disgramtest/373
https://t.me/stepleaker/762
https://t.me/waves_wuthering/13190
2026-09-06 10:59:28,617 [main] WARNING: Task queue depth is 1
2026-09-06 12:05:25,408 [main] WARNING: Task queue depth is 1
2026-09-07 06:04:29,195 [main] WARNING: Could not sync with remote, continuing with local commit
2026-09-07 06:07:55,546 [main] WARNING: Pull failed: fatal: unable to access 'https://github.com/SimpNick6703/Disgram.git/': Failed to connect to github.com port 443 after 136260 ms: Couldn't connect to server
2026-09-07 06:08:19,650 [main] WARNING: Task queue depth is 1
2026-09-07 07:35:50,589 [main] WARNING: Task queue depth is 1
2026-09-07 12:02:08,004 [main] WARNING: Task queue depth is 1
2026-09-07 22:13:25,547 [worker-0] ERROR: Error scraping Telegram: HTTPSConnectionPool(host='t.me', port=443): Max retries exceeded with url: /s/disgramtest (Caused by NewConnectionError("HTTPSConnection(host='t.me', port=443): Failed to establish a new connection: [Errno 101] Network is unreachable"))
2026-09-08 02:41:39,350 [main] WARNING: Task queue depth is 1
2026-09-08 02:41:44,396 [worker-0] WARNING: Telegram is having internal issues RpcCallFailError: Telegram is having internal issues, please try again later. (caused by GetStateRequest)
2026-09-08 02:41:45,374 [main] WARNING: Telegram is having internal issues RpcCallFailError: Telegram is having internal issues, please try again later. (caused by GetStateRequest)
2026-09-08 02:41:49,350 [main] WARNING: Task queue depth is 2
2026-09-08 02:41:51,349 [worker-0] WARNING: Telegram is having internal issues RpcCallFailError: Telegram is having internal issues, please try again later. (caused by GetStateRequest)
2026-09-08 02:41:52,373 [main] WARNING: Telegram is having internal issues RpcCallFailError: Telegram is having internal issues, please try again later. (caused by GetStateRequest)
2026-09-08 02:41:58,368 [worker-0] WARNING: Telegram is having internal issues ServerError: RPCError -500: No workers running (caused by GetStateRequest)
2026-09-08 02:41:59,351 [main] WARNING: Task queue depth is 3
2026-09-08 02:41:59,403 [main] WARNING: Telegram is having internal issues ServerError: RPCError -500: No workers running (caused by GetStateRequest)
2026-09-08 02:42:05,396 [worker-0] WARNING: Telegram is having internal issues ServerError: RPCError -500: No workers running (caused by GetStateRequest)
2026-09-08 02:42:06,413 [main] WARNING: Telegram is having internal issues RpcCallFailError: Telegram is having internal issues, please try again later. (caused by GetStateRequest)
2026-09-08 02:42:09,350 [main] WARNING: Task queue depth is 4
2026-09-08 02:42:12,414 [worker-0] WARNING: Telegram is having internal issues RpcCallFailError: Telegram is having internal issues, please try again later. (caused by GetStateRequest)
2026-09-08 02:42:13,426 [main] WARNING: Telegram is having internal issues RpcCallFailError: Telegram is having internal issues, please try again later. (caused by GetStateRequest)
2026-09-08 02:42:19,350 [main] WARNING: Task queue depth is 5
2026-09-08 02:42:19,437 [worker-0] WARNING: Telegram is having internal issues RpcCallFailError: Telegram is having internal issues, please try again later. (caused by GetStateRequest)
2026-09-08 02:42:20,414 [main] WARNING: Telegram is having internal issues RpcCallFailError: Telegram is having internal issues, please try again later. (caused by GetStateRequest)
2026-09-08 02:42:31,721 [worker-0] ERROR: Error downloading img: HTTPSConnectionPool(host='cdn5.telesco.pe', port=443): Read timed out. (read timeout=10)
2026-09-08 02:42:33,915 [worker-0] ERROR: Error downloading img: 500 Server Error: Internal Server Error for url: https://cdn5.telesco.pe/file/uNopFr1GgHtES28I9uuib0zUWKvQbImAOm6-7dvJbhMDPwkeXF99oulGw-nePC0K7bkAe7trpRAj5yEEz2sDzYR4v-aV7vCio8mr1PsJlsFvBrQVAD55ND4JtAqGRE7CACVjZnHryr_uT1Ub_tv5_E_QuQhX7tIvqsxaE77e3moXHUUOZisAkoez6104ZXee1eUCm_ImsxU-oNTFyBDmiuSDRAOWmo-VP4LnQdhkCf53f7BkpkGrK6-z284mg393wTAanO_Xv28iq82bG_TlZ1Z2vr2laG8h1uM_MGIKx-8eY96MHVz07XiGYFrT9qbJupKIGExTp5ms-sBCbYQpeQ.jpg
2026-09-08 02:42:38,114 [worker-0] ERROR: Error downloading img: 500 Server Error: Internal Server Error for url: https://cdn5.telesco.pe/file/uNopFr1GgHtES28I9uuib0zUWKvQbImAOm6-7dvJbhMDPwkeXF99oulGw-nePC0K7bkAe7trpRAj5yEEz2sDzYR4v-aV7vCio8mr1PsJlsFvBrQVAD55ND4JtAqGRE7CACVjZnHryr_uT1Ub_tv5_E_QuQhX7tIvqsxaE77e3moXHUUOZisAkoez6104ZXee1eUCm_ImsxU-oNTFyBDmiuSDRAOWmo-VP4LnQdhkCf53f7BkpkGrK6-z284mg393wTAanO_Xv28iq82bG_TlZ1Z2vr2laG8h1uM_MGIKx-8eY96MHVz07XiGYFrT9qbJupKIGExTp5ms-sBCbYQpeQ.jpg
2026-09-08 03:53:21,872 [main] WARNING: Server closed the connection: 0 bytes read on a total of 8 expected bytes
2026-09-08 03:53:21,881 [main] WARNING: Server resent the older message 7683007587851881473, ignoring
2026-09-08 04:54:27,916 [main] WARNING: Server closed the connection: 0 bytes read on a total of 8 expected bytes
2026-09-08 04:54:27,925 [main] WARNING: Server resent the older message 7683023333384697857, ignoring
2026-09-08 06:02:39,817 [main] WARNING: Task queue depth is 1
2026-09-08 06:02:49,813 [main] WARNING: Task queue depth is 2
2026-09-08 06:53:10,902 [main] WARNING: Server closed the connection: 0 bytes read on a total of 8 expected bytes
2026-09-08 07:38:25,975 [main] WARNING: Server closed the connection: 0 bytes read on a total of 8 expected bytes
2026-09-08 07:38:25,984 [main] WARNING: Server resent the older message 7683065587536644097, ignoring
2026-09-08 08:23:01,150 [main] WARNING: Server closed the connection: 0 bytes read on a total of 8 expected bytes
2026-09-08 09:07:20,455 [main] WARNING: Server closed the connection: 0 bytes read on a total of 8 expected bytes
2026-09-08 09:56:48,842 [main] WARNING: Server closed the connection: 0 bytes read on a total of 8 expected bytes
2026-09-08 10:44:03,873 [main] WARNING: Server closed the connection: 0 bytes read on a total of 8 expected bytes
2026-09-08 10:44:03,885 [main] WARNING: Server resent the older message 7683113424464474113, ignoring
2026-09-08 11:29:33,035 [main] WARNING: Server closed the connection: 0 bytes read on a total of 8 expected bytes
2026-09-08 13:28:26,501 [main] WARNING: Server closed the connection: 0 bytes read on a total of 8 expected bytes
2026-09-08 18:04:46,807 [main] WARNING: Task queue depth is 1
2026-09-09 04:43:27,450 [main] WARNING: Task queue depth is 1
2026-09-09 06:01:54,540 [main] WARNING: Task queue depth is 1
2026-09-09 06:31:40,461 [main] WARNING: Task queue depth is 1
2026-09-09 09:49:10,531 [main] WARNING: Task queue depth is 1
2026-09-09 10:40:10,458 [main] WARNING: Task queue depth is 1
2026-09-09 12:03:02,166 [main] WARNING: Task queue depth is 1
2026-09-09 13:48:53,952 [main] WARNING: Task queue depth is 1
2026-09-09 14:34:43,098 [main] WARNING: Task queue depth is 1
2026-09-09 22:39:22,773 [main] WARNING: Task queue depth is 1
2026-09-10 11:40:39,630 [main] WARNING: Task queue depth is 1
2026-09-10 12:01:47,205 [main] WARNING: Task queue depth is 1
2026-09-10 17:09:03,096 [main] WARNING: Task queue depth is 1
2026-09-10 18:02:48,685 [main] WARNING: Task queue depth is 1
2026-09-10 18:06:59,203 [main] WARNING: Task queue depth is 1
2026-09-10 19:27:59,588 [main] WARNING: Task queue depth is 1
2026-09-10 19:53:28,602 [main] WARNING: Task queue depth is 1
2026-09-10 20:18:58,921 [main] WARNING: Task queue depth is 1
2026-09-10 21:40:28,631 [main] WARNING: Task queue depth is 1
2026-09-10 22:46:58,602 [main] WARNING: Task queue depth is 1
2026-09-10 23:12:28,601 [main] WARNING: Task queue depth is 1
2026-09-10 23:37:58,602 [main] WARNING: Task queue depth is 1
2026-09-11 18:03:27,812 [main] WARNING: Task queue depth is 1
2026-09-11 20:04:09,440 [main] WARNING: Task queue depth is 1
2026-09-12 00:04:40,970 [main] WARNING: Task queue depth is 1
2026-09-12 01:44:41,128 [main] WARNING: Task queue depth is 1
2026-09-12 02:40:10,914 [main] WARNING: Task queue depth is 1
2026-09-12 03:00:40,923 [main] WARNING: Task queue depth is 1
2026-09-12 04:17:10,914 [main] WARNING: Task queue depth is 1
2026-09-12 04:42:40,917 [main] WARNING: Task queue depth is 1
2026-09-12 06:44:52,265 [main] WARNING: Task queue depth is 1
2026-09-12 08:06:22,266 [main] WARNING: Task queue depth is 1
2026-09-12 12:02:02,365 [main] WARNING: Task queue depth is 1
2026-09-12 12:26:02,325 [main] WARNING: Task queue depth is 1
2026-09-12 12:51:32,301 [main] WARNING: Task queue depth is 1
2026-09-12 14:33:32,557 [main] WARNING: Task queue depth is 1
2026-09-12 15:45:02,302 [main] WARNING: Task queue depth is 1
2026-09-12 16:10:32,498 [main] WARNING: Task queue depth is 1
2026-09-12 17:01:32,310 [main] WARNING: Task queue depth is 1
2026-09-12 18:01:02,588 [main] WARNING: Task queue depth is 1
2026-09-12 18:03:11,809 [main] WARNING: Task queue depth is 1
2026-09-12 22:28:12,770 [main] WARNING: Task queue depth is 1
2026-09-13 13:25:13,996 [main] WARNING: Task queue depth is 1
2026-09-13 14:16:14,139 [main] WARNING: Task queue depth is 1
2026-09-13 16:23:44,767 [main] WARNING: Task queue depth is 1
2026-09-13 16:49:13,994 [main] WARNING: Task queue depth is 1
2026-09-13 17:14:43,999 [main] WARNING: Task queue depth is 1
2026-09-13 18:02:37,859 [main] WARNING: Task queue depth is 1
2026-09-13 18:02:47,661 [main] WARNING: Task queue depth is 2
2026-09-14 00:03:52,960 [main] WARNING: Task queue depth is 1
2026-09-14 17:18:50,580 [main] WARNING: Task queue depth is 1
2026-09-14 22:14:06,071 [main] WARNING: Task queue depth is 1
2026-09-15 03:25:07,102 [main] WARNING: Task queue depth is 1
2026-09-15 14:48:11,568 [main] WARNING: Task queue depth is 1
2026-09-15 19:34:59,030 [main] WARNING: Task queue depth is 1
2026-09-16 06:01:40,925 [main] WARNING: Task queue depth is 1
2026-09-16 16:06:53,899 [main] WARNING: Task queue depth is 1
2026-09-16 16:19:24,063 [main] WARNING: Task queue depth is 1
2026-09-16 16:44:53,590 [main] WARNING: Task queue depth is 1
2026-09-17 13:51:10,483 [main] WARNING: Task queue depth is 1
2026-09-17 20:58:25,098 [main] WARNING: Task queue depth is 1
2026-09-18 00:03:59,117 [main] WARNING: Task queue depth is 1
2026-09-18 01:20:00,122 [main] WARNING: Task queue depth is 1
2026-09-18 06:05:12,951 [main] WARNING: Task queue depth is 1
2026-09-18 11:11:43,900 [main] WARNING: Task queue depth is 1
2026-09-18 18:02:38,593 [main] WARNING: Task queue depth is 1
2026-09-18 18:51:08,576 [main] WARNING: Task queue depth is 1
2026-09-19 00:03:31,929 [main] WARNING: Task queue depth is 1
2026-09-19 00:48:12,550 [main] WARNING: Task queue depth is 1
2026-09-19 02:04:42,551 [main] WARNING: Task queue depth is 1
2026-09-19 03:21:12,551 [main] WARNING: Task queue depth is 1
2026-09-19 05:25:57,633 [main] WARNING: Task queue depth is 1
2026-09-19 05:28:42,551 [main] WARNING: Task queue depth is 1
2026-09-19 06:04:39,458 [main] WARNING: Task queue depth is 1
2026-09-19 09:13:09,406 [main] WARNING: Task queue depth is 1
2026-09-19 09:38:39,406 [main] WARNING: Task queue depth is 1
2026-09-19 18:02:27,775 [main] WARNING: Task queue depth is 1
2026-09-19 22:59:38,572 [main] WARNING: Task queue depth is 1
2026-09-20 06:05:02,687 [main] WARNING: Task queue depth is 1
2026-09-20 12:25:11,617 [main] WARNING: Task queue depth is 1
2026-09-22 12:03:55,789 [main] WARNING: Task queue depth is 1
2026-09-22 12:04:05,885 [main] WARNING: Task queue depth is 2
2026-09-22 18:05:06,373 [main] WARNING: Task queue depth is 1
2026-09-22 18:05:16,372 [main] WARNING: Task queue depth is 2
2026-09-23 12:04:01,209 [main] WARNING: Task queue depth is 1
2026-09-23 18:05:06,366 [main] WARNING: Task queue depth is 1
2026-09-23 18:05:15,797 [main] WARNING: Task queue depth is 2
2026-09-23 22:29:47,487 [main] WARNING: Task queue depth is 1
2026-09-24 00:06:15,053 [main] WARNING: Task queue depth is 1
2026-09-24 03:52:56,142 [main] WARNING: Task queue depth is 1
2026-09-24 20:23:31,267 [worker-0] WARNING: Attempt 1 at new auth_key failed: Step 3 invalid new nonce hash
2026-09-25 03:23:39,735 [main] WARNING: Task queue depth is 1
2026-09-25 12:02:48,075 [main] WARNING: Task queue depth is 1
2026-09-25 12:02:58,068 [main] WARNING: Task queue depth is 2
2026-09-25 18:04:02,242 [main] WARNING: Task queue depth is 1
2026-09-25 18:04:12,230 [main] WARNING: Task queue depth is 2
2026-09-26 06:32:46,780 [worker-0] ERROR: Error fetching text via Telethon for Seele_WW_Leak/10512: 'TextPlain' object has no attribute 'split'
2026-09-26 08:09:33,161 [main] WARNING: Task queue depth is 1
2026-09-26 14:34:50,217 [main] WARNING: Task queue depth is 1
2026-09-26 14:34:59,111 [worker-0] WARNING: Attempt 1 at new auth_key failed: Step 3 invalid new nonce hash
2026-09-27 06:03:36,159 [main] WARNING: Task queue depth is 1
2026-09-27 18:05:58,548 [main] WARNING: Task queue depth is 1
2026-09-28 00:02:23,710 [main] WARNING: Task queue depth is 1
2026-09-28 00:02:33,706 [main] WARNING: Task queue depth is 2
2026-09-28 00:02:43,711 [main] WARNING: Task queue depth is 3
2026-09-28 06:03:47,681 [main] WARNING: Task queue depth is 1
2026-09-28 07:02:18,752 [main] WARNING: Task queue depth is 1
2026-09-28 16:41:32,463 [main] INFO: Completed full cycle. Sleeping for 300 seconds.
2026-09-28 16:46:32,464 [main] INFO: Spawning worker 0 for channels: disgramtest,Team_Gemberry78,Seele_WW_Leak
2026-09-28 16:46:35,350 [worker-0] INFO: Scraping messages from Telegram channel: disgramtest (Attempt 1)
2026-09-28 16:46:36,644 [worker-0] INFO: Scraping messages from Telegram channel: Team_Gemberry78 (Attempt 1)
2026-09-28 16:46:37,644 [worker-0] INFO: Scraping messages from Telegram channel: Seele_WW_Leak (Attempt 1)
2026-09-28 16:46:39,050 [main] INFO: Spawning worker 1 for channels: waves_wuthering,stepleaker
2026-09-28 16:46:41,942 [worker-1] INFO: Scraping messages from Telegram channel: waves_wuthering (Attempt 1)
2026-09-28 16:46:43,061 [worker-1] INFO: Scraping messages from Telegram channel: stepleaker (Attempt 1)
2026-09-28 16:46:45,143 [main] INFO: Completed full cycle. Sleeping for 300 seconds.
2026-09-28 16:51:45,143 [main] INFO: Spawning worker 0 for channels: disgramtest,Team_Gemberry78,Seele_WW_Leak
2026-09-28 16:51:48,045 [worker-0] INFO: Scraping messages from Telegram channel: disgramtest (Attempt 1)
2026-09-28 16:51:48,948 [worker-0] INFO: Scraping messages from Telegram channel: Team_Gemberry78 (Attempt 1)
2026-09-28 16:51:49,947 [worker-0] INFO: Scraping messages from Telegram channel: Seele_WW_Leak (Attempt 1)
2026-09-28 16:51:51,653 [main] INFO: Spawning worker 1 for channels: waves_wuthering,stepleaker
2026-09-28 16:51:54,856 [worker-1] INFO: Scraping messages from Telegram channel: waves_wuthering (Attempt 1)
2026-09-28 16:51:55,944 [worker-1] INFO: Scraping messages from Telegram channel: stepleaker (Attempt 1)
2026-09-28 16:51:57,854 [main] INFO: Completed full cycle. Sleeping for 300 seconds.
2026-09-28 16:56:57,855 [main] INFO: Spawning worker 0 for channels: disgramtest,Team_Gemberry78,Seele_WW_Leak
2026-09-28 16:57:01,745 [worker-0] INFO: Scraping messages from Telegram channel: disgramtest (Attempt 1)
2026-09-28 16:57:02,651 [worker-0] INFO: Scraping messages from Telegram channel: Team_Gemberry78 (Attempt 1)
2026-09-28 16:57:03,851 [worker-0] INFO: Scraping messages from Telegram channel: Seele_WW_Leak (Attempt 1)
2026-09-28 16:57:05,858 [main] INFO: Spawning worker 1 for channels: waves_wuthering,stepleaker
2026-09-28 16:57:09,251 [worker-1] INFO: Scraping messages from Telegram channel: waves_wuthering (Attempt 1)
2026-09-28 16:57:10,347 [worker-1] INFO: Scraping messages from Telegram channel: stepleaker (Attempt 1)
2026-09-28 16:57:12,344 [main] INFO: Completed full cycle. Sleeping for 300 seconds.
2026-09-28 17:02:12,572 [main] INFO: Spawning worker 0 for channels: disgramtest,Team_Gemberry78,Seele_WW_Leak
2026-09-28 17:02:15,153 [worker-0] INFO: Scraping messages from Telegram channel: disgramtest (Attempt 1)
2026-09-28 17:02:16,050 [worker-0] INFO: Scraping messages from Telegram channel: Team_Gemberry78 (Attempt 1)
2026-09-28 17:02:17,149 [worker-0] INFO: Scraping messages from Telegram channel: Seele_WW_Leak (Attempt 1)
2026-09-28 17:02:18,642 [main] INFO: Spawning worker 1 for channels: waves_wuthering,stepleaker
2026-09-28 17:02:21,352 [worker-1] INFO: Scraping messages from Telegram channel: waves_wuthering (Attempt 1)
2026-09-28 17:02:22,456 [worker-1] INFO: Scraping messages from Telegram channel: stepleaker (Attempt 1)
2026-09-28 17:02:25,149 [main] INFO: Completed full cycle. Sleeping for 300 seconds.
2026-09-28 17:07:25,149 [main] INFO: Spawning worker 0 for channels: disgramtest,Team_Gemberry78,Seele_WW_Leak
2026-09-28 17:07:27,949 [worker-0] INFO: Scraping messages from Telegram channel: disgramtest (Attempt 1)
2026-09-28 17:07:28,851 [worker-0] INFO: Scraping messages from Telegram channel: Team_Gemberry78 (Attempt 1)
2026-09-28 17:07:29,954 [worker-0] INFO: Scraping messages from Telegram channel: Seele_WW_Leak (Attempt 1)
2026-09-28 17:07:31,353 [main] INFO: Spawning worker 1 for channels: waves_wuthering,stepleaker
2026-09-28 17:07:34,148 [worker-1] INFO: Scraping messages from Telegram channel: waves_wuthering (Attempt 1)
2026-09-28 17:07:35,145 [worker-1] INFO: Scraping messages from Telegram channel: stepleaker (Attempt 1)
2026-09-28 17:07:37,054 [main] INFO: Completed full cycle. Sleeping for 300 seconds.
2026-09-28 17:12:37,055 [main] INFO: Spawning worker 0 for channels: disgramtest,Team_Gemberry78,Seele_WW_Leak
2026-09-28 17:12:40,045 [worker-0] INFO: Scraping messages from Telegram channel: disgramtest (Attempt 1)
2026-09-28 17:12:41,220 [worker-0] INFO: Scraping messages from Telegram channel: Team_Gemberry78 (Attempt 1)
2026-09-28 17:12:42,455 [worker-0] INFO: Scraping messages from Telegram channel: Seele_WW_Leak (Attempt 1)
2026-09-28 17:12:44,147 [main] INFO: Spawning worker 1 for channels: waves_wuthering,stepleaker
2026-09-28 17:12:47,054 [worker-1] INFO: Scraping messages from Telegram channel: waves_wuthering (Attempt 1)
2026-09-28 17:12:48,142 [worker-1] INFO: Scraping messages from Telegram channel: stepleaker (Attempt 1)
2026-09-28 17:12:49,851 [main] INFO: Completed full cycle. Sleeping for 300 seconds.
2026-09-28 17:17:49,852 [main] INFO: Spawning worker 0 for channels: disgramtest,Team_Gemberry78,Seele_WW_Leak
2026-09-28 17:17:52,856 [worker-0] INFO: Scraping messages from Telegram channel: disgramtest (Attempt 1)
2026-09-28 17:17:54,053 [worker-0] INFO: Scraping messages from Telegram channel: Team_Gemberry78 (Attempt 1)
2026-09-28 17:17:55,546 [worker-0] INFO: Scraping messages from Telegram channel: Seele_WW_Leak (Attempt 1)
2026-09-28 17:17:57,347 [main] INFO: Spawning worker 1 for channels: waves_wuthering,stepleaker
2026-09-28 17:18:00,051 [worker-1] INFO: Scraping messages from Telegram channel: waves_wuthering (Attempt 1)
2026-09-28 17:18:00,954 [worker-1] INFO: Scraping messages from Telegram channel: stepleaker (Attempt 1)
2026-09-28 17:18:02,949 [main] INFO: Completed full cycle. Sleeping for 300 seconds.
2026-09-28 17:23:02,950 [main] INFO: Spawning worker 0 for channels: disgramtest,Team_Gemberry78,Seele_WW_Leak
2026-09-28 17:23:05,847 [worker-0] INFO: Scraping messages from Telegram channel: disgramtest (Attempt 1)
2026-09-28 17:23:06,950 [worker-0] INFO: Scraping messages from Telegram channel: Team_Gemberry78 (Attempt 1)
2026-09-28 17:23:08,150 [worker-0] INFO: Scraping messages from Telegram channel: Seele_WW_Leak (Attempt 1)
2026-09-28 17:23:09,753 [main] INFO: Spawning worker 1 for channels: waves_wuthering,stepleaker
2026-09-28 17:23:12,647 [worker-1] INFO: Scraping messages from Telegram channel: waves_wuthering (Attempt 1)
2026-09-28 17:23:13,753 [worker-1] INFO: Scraping messages from Telegram channel: stepleaker (Attempt 1)
2026-09-28 17:23:15,850 [main] INFO: Completed full cycle. Sleeping for 300 seconds.
2026-09-28 17:28:15,851 [main] INFO: Spawning worker 0 for channels: disgramtest,Team_Gemberry78,Seele_WW_Leak
2026-09-28 17:28:18,551 [worker-0] INFO: Scraping messages from Telegram channel: disgramtest (Attempt 1)
2026-09-28 17:28:19,544 [worker-0] INFO: Scraping messages from Telegram channel: Team_Gemberry78 (Attempt 1)
2026-09-28 17:28:20,556 [worker-0] INFO: Scraping messages from Telegram channel: Seele_WW_Leak (Attempt 1)
2026-09-28 17:28:22,349 [main] INFO: Spawning worker 1 for channels: waves_wuthering,stepleaker
2026-09-28 17:28:25,744 [worker-1] INFO: Scraping messages from Telegram channel: waves_wuthering (Attempt 1)
2026-09-28 17:28:26,742 [worker-1] INFO: Scraping messages from Telegram channel: stepleaker (Attempt 1)
2026-09-28 17:28:28,648 [main] INFO: Completed full cycle. Sleeping for 300 seconds.
2026-09-28 17:33:28,648 [main] INFO: Spawning worker 0 for channels: disgramtest,Team_Gemberry78,Seele_WW_Leak
2026-09-28 17:33:31,649 [worker-0] INFO: Scraping messages from Telegram channel: disgramtest (Attempt 1)
2026-09-28 17:33:32,642 [worker-0] INFO: Scraping messages from Telegram channel: Team_Gemberry78 (Attempt 1)
2026-09-28 17:33:33,746 [worker-0] INFO: Scraping messages from Telegram channel: Seele_WW_Leak (Attempt 1)
2026-09-28 17:33:35,154 [main] INFO: Spawning worker 1 for channels: waves_wuthering,stepleaker
2026-09-28 17:33:38,046 [worker-1] INFO: Scraping messages from Telegram channel: waves_wuthering (Attempt 1)
2026-09-28 17:33:39,050 [worker-1] INFO: Scraping messages from Telegram channel: stepleaker (Attempt 1)
2026-09-28 17:33:41,346 [main] INFO: Completed full cycle. Sleeping for 300 seconds.
2026-09-28 17:38:41,347 [main] INFO: Spawning worker 0 for channels: disgramtest,Team_Gemberry78,Seele_WW_Leak
2026-09-28 17:38:44,053 [worker-0] INFO: Scraping messages from Telegram channel: disgramtest (Attempt 1)
2026-09-28 17:38:44,944 [worker-0] INFO: Scraping messages from Telegram channel: Team_Gemberry78 (Attempt 1)
2026-09-28 17:38:45,944 [worker-0] INFO: Scraping messages from Telegram channel: Seele_WW_Leak (Attempt 1)
2026-09-28 17:38:47,343 [main] INFO: Spawning worker 1 for channels: waves_wuthering,stepleaker
2026-09-28 17:38:50,153 [worker-1] INFO: Scraping messages from Telegram channel: waves_wuthering (Attempt 1)
2026-09-28 17:38:51,144 [worker-1] INFO: Scraping messages from Telegram channel: stepleaker (Attempt 1)
2026-09-28 17:38:53,251 [main] INFO: Completed full cycle. Sleeping for 300 seconds.
2026-09-28 17:43:53,252 [main] INFO: Spawning worker 0 for channels: disgramtest,Team_Gemberry78,Seele_WW_Leak
2026-09-28 17:43:56,255 [worker-0] INFO: Scraping messages from Telegram channel: disgramtest (Attempt 1)
2026-09-28 17:43:57,257 [worker-0] INFO: Scraping messages from Telegram channel: Team_Gemberry78 (Attempt 1)
2026-09-28 17:43:58,647 [worker-0] INFO: Scraping messages from Telegram channel: Seele_WW_Leak (Attempt 1)
2026-09-28 17:44:00,156 [main] INFO: Spawning worker 1 for channels: waves_wuthering,stepleaker
2026-09-28 17:44:03,445 [worker-1] INFO: Scraping messages from Telegram channel: waves_wuthering (Attempt 1)
2026-09-28 17:44:04,448 [worker-1] INFO: Scraping messages from Telegram channel: stepleaker (Attempt 1)
2026-09-28 17:44:06,347 [main] INFO: Completed full cycle. Sleeping for 300 seconds.
2026-09-28 17:49:06,348 [main] INFO: Spawning worker 0 for channels: disgramtest,Team_Gemberry78,Seele_WW_Leak
2026-09-28 17:49:09,053 [worker-0] INFO: Scraping messages from Telegram channel: disgramtest (Attempt 1)
2026-09-28 17:49:09,857 [worker-0] INFO: Scraping messages from Telegram channel: Team_Gemberry78 (Attempt 1)
2026-09-28 17:49:10,852 [worker-0] INFO: Scraping messages from Telegram channel: Seele_WW_Leak (Attempt 1)
2026-09-28 17:49:12,449 [main] INFO: Spawning worker 1 for channels: waves_wuthering,stepleaker
2026-09-28 17:49:15,247 [worker-1] INFO: Scraping messages from Telegram channel: waves_wuthering (Attempt 1)
2026-09-28 17:49:16,245 [worker-1] INFO: Scraping messages from Telegram channel: stepleaker (Attempt 1)
2026-09-28 17:49:17,943 [main] INFO: Completed full cycle. Sleeping for 300 seconds.
2026-09-28 17:54:17,944 [main] INFO: Spawning worker 0 for channels: disgramtest,Team_Gemberry78,Seele_WW_Leak
2026-09-28 17:54:20,861 [worker-0] INFO: Scraping messages from Telegram channel: disgramtest (Attempt 1)
2026-09-28 17:54:22,043 [worker-0] INFO: Scraping messages from Telegram channel: Team_Gemberry78 (Attempt 1)
2026-09-28 17:54:23,445 [worker-0] INFO: Scraping messages from Telegram channel: Seele_WW_Leak (Attempt 1)
2026-09-28 17:54:25,346 [main] INFO: Spawning worker 1 for channels: waves_wuthering,stepleaker
2026-09-28 17:54:28,542 [worker-1] INFO: Scraping messages from Telegram channel: waves_wuthering (Attempt 1)
2026-09-28 17:54:30,042 [worker-1] INFO: Scraping messages from Telegram channel: stepleaker (Attempt 1)
2026-09-28 17:54:31,848 [main] INFO: Completed full cycle. Sleeping for 300 seconds.
2026-09-28 17:59:31,848 [main] INFO: Spawning worker 0 for channels: disgramtest,Team_Gemberry78,Seele_WW_Leak
2026-09-28 17:59:34,845 [worker-0] INFO: Scraping messages from Telegram channel: disgramtest (Attempt 1)
2026-09-28 17:59:36,153 [worker-0] INFO: Scraping messages from Telegram channel: Team_Gemberry78 (Attempt 1)
2026-09-28 17:59:37,643 [worker-0] INFO: Scraping messages from Telegram channel: Seele_WW_Leak (Attempt 1)
2026-09-28 17:59:39,452 [main] INFO: Spawning worker 1 for channels: waves_wuthering,stepleaker
2026-09-28 17:59:42,953 [worker-1] INFO: Scraping messages from Telegram channel: waves_wuthering (Attempt 1)
2026-09-28 17:59:44,148 [worker-1] INFO: Scraping messages from Telegram channel: stepleaker (Attempt 1)
2026-09-28 17:59:46,242 [main] INFO: Completed full cycle. Sleeping for 300 seconds.
2026-09-28 18:04:19,012 [main] INFO: Background commit triggered by scheduled, committing log changes...
2026-09-28 18:04:19,914 [main] INFO: Successfully generated new GitHub App installation token
2026-09-28 18:04:19,922 [main] INFO: Git authentication configured for repository: SimpNick6703/Disgram.git
2026-09-28 18:04:22,145 [main] INFO: Log files to be committed: Disgram.log
2026-09-28 18:05:28,248 [main] INFO: Successfully pulled latest repository state
2026-09-28 18:05:28,249 [main] INFO: Repository updated with latest changes
https://t.me/disgramtest/349
https://t.me/Team_Gemberry78/2863
https://t.me/Seele_WW_Leak/9983
https://t.me/waves_wuthering/12696
https://t.me/stepleaker/760
2026-09-28 18:05:28,265 [main] INFO: Chunked 5 channels into 2 worker groups
2026-09-28 18:05:28,266 [main] INFO: Starting Waitress WSGI server on port 10000...
2026-09-28 18:05:28,266 [main] INFO: Disgram bot is running with health check endpoint.
2026-09-28 18:05:28,267 [main] INFO: Spawning worker 0 for channels: disgramtest,Team_Gemberry78,Seele_WW_Leak
2026-09-28 18:05:28,766 [main] INFO: Serving on http://0.0.0.0:10000
2026-09-28 18:05:32,375 [worker-0] INFO: Scraping messages from Telegram channel: disgramtest (Attempt 1)
2026-09-28 18:05:33,373 [worker-0] INFO: Scraping messages from Telegram channel: Team_Gemberry78 (Attempt 1)
2026-09-28 18:05:34,275 [worker-0] INFO: Scraping messages from Telegram channel: Seele_WW_Leak (Attempt 1)
2026-09-28 18:05:36,175 [main] INFO: Spawning worker 1 for channels: waves_wuthering,stepleaker
2026-09-28 18:05:41,765 [worker-1] INFO: Scraping messages from Telegram channel: waves_wuthering (Attempt 1)
2026-09-28 18:05:43,369 [worker-1] INFO: Scraping messages from Telegram channel: stepleaker (Attempt 1)
2026-09-28 18:05:46,583 [main] INFO: cryptg detected, it will be used for encryption
2026-09-28 18:05:47,070 [main] INFO: Completed full cycle. Sleeping for 300 seconds.
2026-09-28 18:05:48,272 [main] INFO: Connecting to 91.108.56.190:443/TcpFull...
2026-09-28 18:05:48,275 [main] INFO: Connection to 91.108.56.190:443/TcpFull complete!
2026-09-28 18:05:48,343 [main] INFO: Telethon connected successfully to DC 5 at 91.108.56.190
2026-09-28 18:10:47,071 [main] INFO: Spawning worker 0 for channels: disgramtest,Team_Gemberry78,Seele_WW_Leak
2026-09-28 18:10:50,672 [worker-0] INFO: Scraping messages from Telegram channel: disgramtest (Attempt 1)
2026-09-28 18:10:51,572 [worker-0] INFO: Scraping messages from Telegram channel: Team_Gemberry78 (Attempt 1)
2026-09-28 18:10:52,568 [worker-0] INFO: Scraping messages from Telegram channel: Seele_WW_Leak (Attempt 1)
2026-09-28 18:10:54,274 [main] INFO: Spawning worker 1 for channels: waves_wuthering,stepleaker
2026-09-28 18:10:57,571 [worker-1] INFO: Scraping messages from Telegram channel: waves_wuthering (Attempt 1)
2026-09-28 18:10:58,770 [worker-1] INFO: Scraping messages from Telegram channel: stepleaker (Attempt 1)
2026-09-28 18:11:01,366 [main] INFO: Completed full cycle. Sleeping for 300 seconds.
2026-09-28 18:16:01,367 [main] INFO: Spawning worker 0 for channels: disgramtest,Team_Gemberry78,Seele_WW_Leak
2026-09-28 18:16:04,677 [worker-0] INFO: Scraping messages from Telegram channel: disgramtest (Attempt 1)
2026-09-28 18:16:05,679 [worker-0] INFO: Scraping messages from Telegram channel: Team_Gemberry78 (Attempt 1)
2026-09-28 18:16:06,768 [worker-0] INFO: Scraping messages from Telegram channel: Seele_WW_Leak (Attempt 1)
2026-09-28 18:16:08,467 [main] INFO: Spawning worker 1 for channels: waves_wuthering,stepleaker
2026-09-28 18:16:11,369 [worker-1] INFO: Scraping messages from Telegram channel: waves_wuthering (Attempt 1)
2026-09-28 18:16:12,471 [worker-1] INFO: Scraping messages from Telegram channel: stepleaker (Attempt 1)
2026-09-28 18:16:14,579 [main] INFO: Completed full cycle. Sleeping for 300 seconds.
2026-09-28 18:21:14,579 [main] INFO: Spawning worker 0 for channels: disgramtest,Team_Gemberry78,Seele_WW_Leak
2026-09-28 18:21:17,469 [worker-0] INFO: Scraping messages from Telegram channel: disgramtest (Attempt 1)
2026-09-28 18:21:18,479 [worker-0] INFO: Scraping messages from Telegram channel: Team_Gemberry78 (Attempt 1)
2026-09-28 18:21:19,668 [worker-0] INFO: Scraping messages from Telegram channel: Seele_WW_Leak (Attempt 1)
2026-09-28 18:21:21,471 [main] INFO: Spawning worker 1 for channels: waves_wuthering,stepleaker
2026-09-28 18:21:24,178 [worker-1] INFO: Scraping messages from Telegram channel: waves_wuthering (Attempt 1)
2026-09-28 18:21:25,266 [worker-1] INFO: Scraping messages from Telegram channel: stepleaker (Attempt 1)
2026-09-28 18:21:28,078 [main] INFO: Completed full cycle. Sleeping for 300 seconds.
2026-09-28 18:26:28,079 [main] INFO: Spawning worker 0 for channels: disgramtest,Team_Gemberry78,Seele_WW_Leak
2026-09-28 18:26:30,976 [worker-0] INFO: Scraping messages from Telegram channel: disgramtest (Attempt 1)
2026-09-28 18:26:31,967 [worker-0] INFO: Scraping messages from Telegram channel: Team_Gemberry78 (Attempt 1)
2026-09-28 18:26:33,072 [worker-0] INFO: Scraping messages from Telegram channel: Seele_WW_Leak (Attempt 1)
2026-09-28 18:26:35,080 [main] INFO: Spawning worker 1 for channels: waves_wuthering,stepleaker
2026-09-28 18:26:37,973 [worker-1] INFO: Scraping messages from Telegram channel: waves_wuthering (Attempt 1)
2026-09-28 18:26:39,071 [worker-1] INFO: Scraping messages from Telegram channel: stepleaker (Attempt 1)
2026-09-28 18:26:41,278 [main] INFO: Completed full cycle. Sleeping for 300 seconds.
2026-09-28 18:31:41,278 [main] INFO: Spawning worker 0 for channels: disgramtest,Team_Gemberry78,Seele_WW_Leak
2026-09-28 18:31:44,365 [worker-0] INFO: Scraping messages from Telegram channel: disgramtest (Attempt 1)
2026-09-28 18:31:45,591 [worker-0] INFO: Scraping messages from Telegram channel: Team_Gemberry78 (Attempt 1)
2026-09-28 18:31:46,765 [worker-0] INFO: Scraping messages from Telegram channel: Seele_WW_Leak (Attempt 1)
2026-09-28 18:31:48,678 [main] INFO: Spawning worker 1 for channels: waves_wuthering,stepleaker
2026-09-28 18:31:51,773 [worker-1] INFO: Scraping messages from Telegram channel: waves_wuthering (Attempt 1)
2026-09-28 18:31:52,871 [worker-1] INFO: Scraping messages from Telegram channel: stepleaker (Attempt 1)
2026-09-28 18:31:54,969 [main] INFO: Completed full cycle. Sleeping for 300 seconds.
2026-09-28 18:36:54,969 [main] INFO: Spawning worker 0 for channels: disgramtest,Team_Gemberry78,Seele_WW_Leak
2026-09-28 18:36:57,675 [worker-0] INFO: Scraping messages from Telegram channel: disgramtest (Attempt 1)
2026-09-28 18:36:58,767 [worker-0] INFO: Scraping messages from Telegram channel: Team_Gemberry78 (Attempt 1)
2026-09-28 18:37:00,278 [worker-0] INFO: Scraping messages from Telegram channel: Seele_WW_Leak (Attempt 1)
2026-09-28 18:37:02,586 [main] INFO: Spawning worker 1 for channels: waves_wuthering,stepleaker
2026-09-28 18:37:05,670 [worker-1] INFO: Scraping messages from Telegram channel: waves_wuthering (Attempt 1)
2026-09-28 18:37:06,668 [worker-1] INFO: Scraping messages from Telegram channel: stepleaker (Attempt 1)
2026-09-28 18:37:08,977 [main] INFO: Completed full cycle. Sleeping for 300 seconds.
2026-09-28 18:42:08,978 [main] INFO: Spawning worker 0 for channels: disgramtest,Team_Gemberry78,Seele_WW_Leak
2026-09-28 18:42:11,976 [worker-0] INFO: Scraping messages from Telegram channel: disgramtest (Attempt 1)
2026-09-28 18:42:13,071 [worker-0] INFO: Scraping messages from Telegram channel: Team_Gemberry78 (Attempt 1)
2026-09-28 18:42:13,978 [worker-0] INFO: Scraping messages from Telegram channel: Seele_WW_Leak (Attempt 1)
2026-09-28 18:42:15,876 [main] INFO: Spawning worker 1 for channels: waves_wuthering,stepleaker
2026-09-28 18:42:19,266 [worker-1] INFO: Scraping messages from Telegram channel: waves_wuthering (Attempt 1)
2026-09-28 18:42:20,271 [worker-1] INFO: Scraping messages from Telegram channel: stepleaker (Attempt 1)
2026-09-28 18:42:22,275 [main] INFO: Completed full cycle. Sleeping for 300 seconds.
2026-09-28 18:47:22,278 [main] INFO: Spawning worker 0 for channels: disgramtest,Team_Gemberry78,Seele_WW_Leak
2026-09-28 18:47:25,376 [worker-0] INFO: Scraping messages from Telegram channel: disgramtest (Attempt 1)
2026-09-28 18:47:26,385 [worker-0] INFO: Scraping messages from Telegram channel: Team_Gemberry78 (Attempt 1)
2026-09-28 18:47:27,576 [worker-0] INFO: Scraping messages from Telegram channel: Seele_WW_Leak (Attempt 1)
2026-09-28 18:47:29,069 [main] INFO: Spawning worker 1 for channels: waves_wuthering,stepleaker
2026-09-28 18:47:31,879 [worker-1] INFO: Scraping messages from Telegram channel: waves_wuthering (Attempt 1)
2026-09-28 18:47:32,968 [worker-1] INFO: Scraping messages from Telegram channel: stepleaker (Attempt 1)
2026-09-28 18:47:34,965 [main] INFO: Completed full cycle. Sleeping for 300 seconds.
2026-09-28 18:52:34,966 [main] INFO: Spawning worker 0 for channels: disgramtest,Team_Gemberry78,Seele_WW_Leak
2026-09-28 18:52:38,072 [worker-0] INFO: Scraping messages from Telegram channel: disgramtest (Attempt 1)
2026-09-28 18:52:39,278 [worker-0] INFO: Scraping messages from Telegram channel: Team_Gemberry78 (Attempt 1)
2026-09-28 18:52:40,370 [worker-0] INFO: Scraping messages from Telegram channel: Seele_WW_Leak (Attempt 1)
2026-09-28 18:52:41,878 [main] INFO: Spawning worker 1 for channels: waves_wuthering,stepleaker
2026-09-28 18:52:44,873 [worker-1] INFO: Scraping messages from Telegram channel: waves_wuthering (Attempt 1)
2026-09-28 18:52:45,971 [worker-1] INFO: Scraping messages from Telegram channel: stepleaker (Attempt 1)
2026-09-28 18:52:47,874 [main] INFO: Completed full cycle. Sleeping for 300 seconds.
2026-09-28 18:57:47,874 [main] INFO: Spawning worker 0 for channels: disgramtest,Team_Gemberry78,Seele_WW_Leak
2026-09-28 18:57:50,772 [worker-0] INFO: Scraping messages from Telegram channel: disgramtest (Attempt 1)
2026-09-28 18:57:51,784 [worker-0] INFO: Scraping messages from Telegram channel: Team_Gemberry78 (Attempt 1)
2026-09-28 18:57:53,265 [worker-0] INFO: Scraping messages from Telegram channel: Seele_WW_Leak (Attempt 1)
2026-09-28 18:57:55,171 [main] INFO: Spawning worker 1 for channels: waves_wuthering,stepleaker
2026-09-28 18:57:58,168 [worker-1] INFO: Scraping messages from Telegram channel: waves_wuthering (Attempt 1)
2026-09-28 18:57:59,265 [worker-1] INFO: Scraping messages from Telegram channel: stepleaker (Attempt 1)
2026-09-28 18:58:01,469 [main] INFO: Completed full cycle. Sleeping for 300 seconds.
2026-09-28 19:03:01,471 [main] INFO: Spawning worker 0 for channels: disgramtest,Team_Gemberry78,Seele_WW_Leak
2026-09-28 19:03:04,676 [worker-0] INFO: Scraping messages from Telegram channel: disgramtest (Attempt 1)
2026-09-28 19:03:05,673 [worker-0] INFO: Scraping messages from Telegram channel: Team_Gemberry78 (Attempt 1)
2026-09-28 19:03:06,677 [worker-0] INFO: Scraping messages from Telegram channel: Seele_WW_Leak (Attempt 1)
2026-09-28 19:03:08,371 [main] INFO: Spawning worker 1 for channels: waves_wuthering,stepleaker
2026-09-28 19:03:11,168 [worker-1] INFO: Scraping messages from Telegram channel: waves_wuthering (Attempt 1)
2026-09-28 19:03:12,178 [worker-1] INFO: Scraping messages from Telegram channel: stepleaker (Attempt 1)
2026-09-28 19:03:14,672 [main] INFO: Completed full cycle. Sleeping for 300 seconds.
2026-09-28 19:08:14,673 [main] INFO: Spawning worker 0 for channels: disgramtest,Team_Gemberry78,Seele_WW_Leak
2026-09-28 19:08:17,480 [worker-0] INFO: Scraping messages from Telegram channel: disgramtest (Attempt 1)
2026-09-28 19:08:18,671 [worker-0] INFO: Scraping messages from Telegram channel: Team_Gemberry78 (Attempt 1)
2026-09-28 19:08:19,677 [worker-0] INFO: Scraping messages from Telegram channel: Seele_WW_Leak (Attempt 1)
2026-09-28 19:08:21,168 [main] INFO: Spawning worker 1 for channels: waves_wuthering,stepleaker
2026-09-28 19:08:23,976 [worker-1] INFO: Scraping messages from Telegram channel: waves_wuthering (Attempt 1)
2026-09-28 19:08:25,167 [worker-1] INFO: Scraping messages from Telegram channel: stepleaker (Attempt 1)
2026-09-28 19:08:27,388 [main] INFO: Completed full cycle. Sleeping for 300 seconds.
2026-09-28 19:13:27,392 [main] INFO: Spawning worker 0 for channels: disgramtest,Team_Gemberry78,Seele_WW_Leak
2026-09-28 19:13:30,777 [worker-0] INFO: Scraping messages from Telegram channel: disgramtest (Attempt 1)
2026-09-28 19:13:31,877 [worker-0] INFO: Scraping messages from Telegram channel: Team_Gemberry78 (Attempt 1)
2026-09-28 19:13:32,978 [worker-0] INFO: Scraping messages from Telegram channel: Seele_WW_Leak (Attempt 1)
2026-09-28 19:13:34,765 [main] INFO: Spawning worker 1 for channels: waves_wuthering,stepleaker
2026-09-28 19:13:37,876 [worker-1] INFO: Scraping messages from Telegram channel: waves_wuthering (Attempt 1)
2026-09-28 19:13:38,974 [worker-1] INFO: Scraping messages from Telegram channel: stepleaker (Attempt 1)
2026-09-28 19:13:41,287 [main] INFO: Completed full cycle. Sleeping for 300 seconds.
2026-09-28 19:18:41,288 [main] INFO: Spawning worker 0 for channels: disgramtest,Team_Gemberry78,Seele_WW_Leak
2026-09-28 19:18:44,170 [worker-0] INFO: Scraping messages from Telegram channel: disgramtest (Attempt 1)
2026-09-28 19:18:45,172 [worker-0] INFO: Scraping messages from Telegram channel: Team_Gemberry78 (Attempt 1)
2026-09-28 19:18:46,369 [worker-0] INFO: Scraping messages from Telegram channel: Seele_WW_Leak (Attempt 1)
2026-09-28 19:18:47,972 [main] INFO: Spawning worker 1 for channels: waves_wuthering,stepleaker
2026-09-28 19:18:50,873 [worker-1] INFO: Scraping messages from Telegram channel: waves_wuthering (Attempt 1)
2026-09-28 19:18:51,779 [worker-1] INFO: Scraping messages from Telegram channel: stepleaker (Attempt 1)
2026-09-28 19:18:54,466 [main] INFO: Completed full cycle. Sleeping for 300 seconds.
2026-09-28 19:23:54,471 [main] INFO: Spawning worker 0 for channels: disgramtest,Team_Gemberry78,Seele_WW_Leak
2026-09-28 19:23:57,672 [worker-0] INFO: Scraping messages from Telegram channel: disgramtest (Attempt 1)
2026-09-28 19:23:58,766 [worker-0] INFO: Scraping messages from Telegram channel: Team_Gemberry78 (Attempt 1)
2026-09-28 19:23:59,875 [worker-0] INFO: Scraping messages from Telegram channel: Seele_WW_Leak (Attempt 1)
2026-09-28 19:24:01,675 [main] INFO: Spawning worker 1 for channels: waves_wuthering,stepleaker
2026-09-28 19:24:04,966 [worker-1] INFO: Scraping messages from Telegram channel: waves_wuthering (Attempt 1)
2026-09-28 19:24:05,968 [worker-1] INFO: Scraping messages from Telegram channel: stepleaker (Attempt 1)
2026-09-28 19:24:07,880 [main] INFO: Completed full cycle. Sleeping for 300 seconds.
2026-09-28 19:29:07,880 [main] INFO: Spawning worker 0 for channels: disgramtest,Team_Gemberry78,Seele_WW_Leak
2026-09-28 19:29:10,968 [worker-0] INFO: Scraping messages from Telegram channel: disgramtest (Attempt 1)
2026-09-28 19:29:11,878 [worker-0] INFO: Scraping messages from Telegram channel: Team_Gemberry78 (Attempt 1)
2026-09-28 19:29:13,168 [worker-0] INFO: Scraping messages from Telegram channel: Seele_WW_Leak (Attempt 1)
2026-09-28 19:29:14,771 [main] INFO: Spawning worker 1 for channels: waves_wuthering,stepleaker
2026-09-28 19:29:17,578 [worker-1] INFO: Scraping messages from Telegram channel: waves_wuthering (Attempt 1)
2026-09-28 19:29:18,767 [worker-1] INFO: Scraping messages from Telegram channel: stepleaker (Attempt 1)
2026-09-28 19:29:20,868 [main] INFO: Completed full cycle. Sleeping for 300 seconds.
2026-09-28 19:34:20,869 [main] INFO: Spawning worker 0 for channels: disgramtest,Team_Gemberry78,Seele_WW_Leak
2026-09-28 19:34:23,875 [worker-0] INFO: Scraping messages from Telegram channel: disgramtest (Attempt 1)
2026-09-28 19:34:24,976 [worker-0] INFO: Scraping messages from Telegram channel: Team_Gemberry78 (Attempt 1)
2026-09-28 19:34:26,271 [worker-0] INFO: Scraping messages from Telegram channel: Seele_WW_Leak (Attempt 1)
2026-09-28 19:34:27,974 [main] INFO: Spawning worker 1 for channels: waves_wuthering,stepleaker
2026-09-28 19:34:31,073 [worker-1] INFO: Scraping messages from Telegram channel: waves_wuthering (Attempt 1)
2026-09-28 19:34:32,168 [worker-1] INFO: Scraping messages from Telegram channel: stepleaker (Attempt 1)
2026-09-28 19:34:34,772 [main] INFO: Completed full cycle. Sleeping for 300 seconds.
2026-09-28 19:39:34,773 [main] INFO: Spawning worker 0 for channels: disgramtest,Team_Gemberry78,Seele_WW_Leak
2026-09-28 19:39:37,668 [worker-0] INFO: Scraping messages from Telegram channel: disgramtest (Attempt 1)
2026-09-28 19:39:38,675 [worker-0] INFO: Scraping messages from Telegram channel: Team_Gemberry78 (Attempt 1)
2026-09-28 19:39:39,680 [worker-0] INFO: Scraping messages from Telegram channel: Seele_WW_Leak (Attempt 1)
2026-09-28 19:39:41,571 [main] INFO: Spawning worker 1 for channels: waves_wuthering,stepleaker
2026-09-28 19:39:44,874 [worker-1] INFO: Scraping messages from Telegram channel: waves_wuthering (Attempt 1)
2026-09-28 19:39:45,973 [worker-1] INFO: Scraping messages from Telegram channel: stepleaker (Attempt 1)
2026-09-28 19:39:47,775 [main] INFO: Completed full cycle. Sleeping for 300 seconds.
2026-09-28 19:44:47,775 [main] INFO: Spawning worker 0 for channels: disgramtest,Team_Gemberry78,Seele_WW_Leak
2026-09-28 19:44:50,978 [worker-0] INFO: Scraping messages from Telegram channel: disgramtest (Attempt 1)
2026-09-28 19:44:51,979 [worker-0] INFO: Scraping messages from Telegram channel: Team_Gemberry78 (Attempt 1)
2026-09-28 19:44:53,871 [worker-0] INFO: Scraping messages from Telegram channel: Seele_WW_Leak (Attempt 1)
2026-09-28 19:44:55,475 [main] INFO: Spawning worker 1 for channels: waves_wuthering,stepleaker
2026-09-28 19:44:58,570 [worker-1] INFO: Scraping messages from Telegram channel: waves_wuthering (Attempt 1)
2026-09-28 19:44:59,673 [worker-1] INFO: Scraping messages from Telegram channel: stepleaker (Attempt 1)
2026-09-28 19:45:01,977 [main] INFO: Completed full cycle. Sleeping for 300 seconds.
2026-09-28 19:50:01,978 [main] INFO: Spawning worker 0 for channels: disgramtest,Team_Gemberry78,Seele_WW_Leak
2026-09-28 19:50:04,874 [worker-0] INFO: Scraping messages from Telegram channel: disgramtest (Attempt 1)
2026-09-28 19:50:06,270 [worker-0] INFO: Scraping messages from Telegram channel: Team_Gemberry78 (Attempt 1)
2026-09-28 19:50:08,171 [worker-0] INFO: Scraping messages from Telegram channel: Seele_WW_Leak (Attempt 1)
2026-09-28 19:50:09,971 [main] INFO: Spawning worker 1 for channels: waves_wuthering,stepleaker
2026-09-28 19:50:13,178 [worker-1] INFO: Scraping messages from Telegram channel: waves_wuthering (Attempt 1)
2026-09-28 19:50:14,269 [worker-1] INFO: Scraping messages from Telegram channel: stepleaker (Attempt 1)
2026-09-28 19:50:17,176 [main] INFO: Completed full cycle. Sleeping for 300 seconds.
2026-09-28 19:55:17,177 [main] INFO: Spawning worker 0 for channels: disgramtest,Team_Gemberry78,Seele_WW_Leak
2026-09-28 19:55:20,178 [worker-0] INFO: Scraping messages from Telegram channel: disgramtest (Attempt 1)
2026-09-28 19:55:21,166 [worker-0] INFO: Scraping messages from Telegram channel: Team_Gemberry78 (Attempt 1)
2026-09-28 19:55:22,171 [worker-0] INFO: Scraping messages from Telegram channel: Seele_WW_Leak (Attempt 1)
2026-09-28 19:55:23,576 [main] INFO: Spawning worker 1 for channels: waves_wuthering,stepleaker
2026-09-28 19:55:26,475 [worker-1] INFO: Scraping messages from Telegram channel: waves_wuthering (Attempt 1)
2026-09-28 19:55:27,480 [worker-1] INFO: Scraping messages from Telegram channel: stepleaker (Attempt 1)
2026-09-28 19:55:29,367 [main] INFO: Completed full cycle. Sleeping for 300 seconds.
2026-09-28 20:00:29,367 [main] INFO: Spawning worker 0 for channels: disgramtest,Team_Gemberry78,Seele_WW_Leak
2026-09-28 20:00:32,673 [worker-0] INFO: Scraping messages from Telegram channel: disgramtest (Attempt 1)
2026-09-28 20:00:33,773 [worker-0] INFO: Scraping messages from Telegram channel: Team_Gemberry78 (Attempt 1)
2026-09-28 20:00:35,079 [worker-0] INFO: Scraping messages from Telegram channel: Seele_WW_Leak (Attempt 1)
2026-09-28 20:00:36,776 [main] INFO: Spawning worker 1 for channels: waves_wuthering,stepleaker
2026-09-28 20:00:39,676 [worker-1] INFO: Scraping messages from Telegram channel: waves_wuthering (Attempt 1)
2026-09-28 20:00:40,666 [worker-1] INFO: Scraping messages from Telegram channel: stepleaker (Attempt 1)
2026-09-28 20:00:43,080 [main] INFO: Completed full cycle. Sleeping for 300 seconds.
2026-09-28 20:05:43,082 [main] INFO: Spawning worker 0 for channels: disgramtest,Team_Gemberry78,Seele_WW_Leak
2026-09-28 20:05:46,384 [worker-0] INFO: Scraping messages from Telegram channel: disgramtest (Attempt 1)
2026-09-28 20:05:47,669 [worker-0] INFO: Scraping messages from Telegram channel: Team_Gemberry78 (Attempt 1)
2026-09-28 20:05:48,771 [worker-0] INFO: Scraping messages from Telegram channel: Seele_WW_Leak (Attempt 1)
2026-09-28 20:05:50,472 [main] INFO: Spawning worker 1 for channels: waves_wuthering,stepleaker
2026-09-28 20:05:53,372 [worker-1] INFO: Scraping messages from Telegram channel: waves_wuthering (Attempt 1)
2026-09-28 20:05:54,767 [worker-1] INFO: Scraping messages from Telegram channel: stepleaker (Attempt 1)
2026-09-28 20:05:56,875 [main] INFO: Completed full cycle. Sleeping for 300 seconds.
2026-09-28 20:10:56,876 [main] INFO: Spawning worker 0 for channels: disgramtest,Team_Gemberry78,Seele_WW_Leak
2026-09-28 20:10:59,770 [worker-0] INFO: Scraping messages from Telegram channel: disgramtest (Attempt 1)
2026-09-28 20:11:00,870 [worker-0] INFO: Scraping messages from Telegram channel: Team_Gemberry78 (Attempt 1)
2026-09-28 20:11:02,173 [worker-0] INFO: Scraping messages from Telegram channel: Seele_WW_Leak (Attempt 1)
2026-09-28 20:11:03,665 [main] INFO: Spawning worker 1 for channels: waves_wuthering,stepleaker
2026-09-28 20:11:06,877 [worker-1] INFO: Scraping messages from Telegram channel: waves_wuthering (Attempt 1)
2026-09-28 20:11:07,878 [worker-1] INFO: Scraping messages from Telegram channel: stepleaker (Attempt 1)
2026-09-28 20:11:10,069 [main] INFO: Completed full cycle. Sleeping for 300 seconds.
2026-09-28 20:16:10,070 [main] INFO: Spawning worker 0 for channels: disgramtest,Team_Gemberry78,Seele_WW_Leak
2026-09-28 20:16:12,780 [worker-0] INFO: Scraping messages from Telegram channel: disgramtest (Attempt 1)
2026-09-28 20:16:13,672 [worker-0] INFO: Scraping messages from Telegram channel: Team_Gemberry78 (Attempt 1)
2026-09-28 20:16:14,669 [worker-0] INFO: Scraping messages from Telegram channel: Seele_WW_Leak (Attempt 1)
2026-09-28 20:16:16,276 [main] INFO: Spawning worker 1 for channels: waves_wuthering,stepleaker
2026-09-28 20:16:19,471 [worker-1] INFO: Scraping messages from Telegram channel: waves_wuthering (Attempt 1)
2026-09-28 20:16:20,567 [worker-1] INFO: Scraping messages from Telegram channel: stepleaker (Attempt 1)
2026-09-28 20:16:22,280 [main] INFO: Completed full cycle. Sleeping for 300 seconds.
2026-09-28 20:21:22,366 [main] INFO: Spawning worker 0 for channels: disgramtest,Team_Gemberry78,Seele_WW_Leak
2026-09-28 20:21:25,369 [worker-0] INFO: Scraping messages from Telegram channel: disgramtest (Attempt 1)
2026-09-28 20:21:26,279 [worker-0] INFO: Scraping messages from Telegram channel: Team_Gemberry78 (Attempt 1)
2026-09-28 20:21:27,572 [worker-0] INFO: Scraping messages from Telegram channel: Seele_WW_Leak (Attempt 1)
2026-09-28 20:21:29,181 [main] INFO: Spawning worker 1 for channels: waves_wuthering,stepleaker
2026-09-28 20:21:32,274 [worker-1] INFO: Scraping messages from Telegram channel: waves_wuthering (Attempt 1)
2026-09-28 20:21:33,287 [worker-1] INFO: Scraping messages from Telegram channel: stepleaker (Attempt 1)
2026-09-28 20:21:35,772 [main] INFO: Completed full cycle. Sleeping for 300 seconds.
2026-09-28 20:26:35,773 [main] INFO: Spawning worker 0 for channels: disgramtest,Team_Gemberry78,Seele_WW_Leak
2026-09-28 20:26:38,680 [worker-0] INFO: Scraping messages from Telegram channel: disgramtest (Attempt 1)
2026-09-28 20:26:39,778 [worker-0] INFO: Scraping messages from Telegram channel: Team_Gemberry78 (Attempt 1)
2026-09-28 20:26:41,069 [worker-0] INFO: Scraping messages from Telegram channel: Seele_WW_Leak (Attempt 1)
2026-09-28 20:26:42,772 [main] INFO: Spawning worker 1 for channels: waves_wuthering,stepleaker
2026-09-28 20:26:45,974 [worker-1] INFO: Scraping messages from Telegram channel: waves_wuthering (Attempt 1)
2026-09-28 20:26:47,081 [worker-1] INFO: Scraping messages from Telegram channel: stepleaker (Attempt 1)
2026-09-28 20:26:49,078 [main] INFO: Completed full cycle. Sleeping for 300 seconds.
2026-09-28 20:31:49,079 [main] INFO: Spawning worker 0 for channels: disgramtest,Team_Gemberry78,Seele_WW_Leak
2026-09-28 20:31:51,778 [worker-0] INFO: Scraping messages from Telegram channel: disgramtest (Attempt 1)
2026-09-28 20:31:52,779 [worker-0] INFO: Scraping messages from Telegram channel: Team_Gemberry78 (Attempt 1)
2026-09-28 20:31:53,965 [worker-0] INFO: Scraping messages from Telegram channel: Seele_WW_Leak (Attempt 1)
2026-09-28 20:31:55,969 [main] INFO: Spawning worker 1 for channels: waves_wuthering,stepleaker
2026-09-28 20:31:59,070 [worker-1] INFO: Scraping messages from Telegram channel: waves_wuthering (Attempt 1)
2026-09-28 20:32:00,272 [worker-1] INFO: Scraping messages from Telegram channel: stepleaker (Attempt 1)
2026-09-28 20:32:02,671 [main] INFO: Completed full cycle. Sleeping for 300 seconds.
2026-09-28 20:37:02,672 [main] INFO: Spawning worker 0 for channels: disgramtest,Team_Gemberry78,Seele_WW_Leak
2026-09-28 20:37:05,571 [worker-0] INFO: Scraping messages from Telegram channel: disgramtest (Attempt 1)
2026-09-28 20:37:06,579 [worker-0] INFO: Scraping messages from Telegram channel: Team_Gemberry78 (Attempt 1)
2026-09-28 20:37:07,779 [worker-0] INFO: Scraping messages from Telegram channel: Seele_WW_Leak (Attempt 1)
2026-09-28 20:37:09,479 [main] INFO: Spawning worker 1 for channels: waves_wuthering,stepleaker
2026-09-28 20:37:12,173 [worker-1] INFO: Scraping messages from Telegram channel: waves_wuthering (Attempt 1)
2026-09-28 20:37:13,172 [worker-1] INFO: Scraping messages from Telegram channel: stepleaker (Attempt 1)
2026-09-28 20:37:14,976 [main] INFO: Completed full cycle. Sleeping for 300 seconds.
2026-09-28 20:42:14,977 [main] INFO: Spawning worker 0 for channels: disgramtest,Team_Gemberry78,Seele_WW_Leak
2026-09-28 20:42:17,981 [worker-0] INFO: Scraping messages from Telegram channel: disgramtest (Attempt 1)
2026-09-28 20:42:19,266 [worker-0] INFO: Scraping messages from Telegram channel: Team_Gemberry78 (Attempt 1)
2026-09-28 20:42:20,470 [worker-0] INFO: Scraping messages from Telegram channel: Seele_WW_Leak (Attempt 1)
2026-09-28 20:42:22,073 [main] INFO: Spawning worker 1 for channels: waves_wuthering,stepleaker
2026-09-28 20:42:24,965 [worker-1] INFO: Scraping messages from Telegram channel: waves_wuthering (Attempt 1)
2026-09-28 20:42:25,970 [worker-1] INFO: Scraping messages from Telegram channel: stepleaker (Attempt 1)
2026-09-28 20:42:27,872 [main] INFO: Completed full cycle. Sleeping for 300 seconds.
2026-09-28 20:47:27,873 [main] INFO: Spawning worker 0 for channels: disgramtest,Team_Gemberry78,Seele_WW_Leak
2026-09-28 20:47:30,880 [worker-0] INFO: Scraping messages from Telegram channel: disgramtest (Attempt 1)
2026-09-28 20:47:31,967 [worker-0] INFO: Scraping messages from Telegram channel: Team_Gemberry78 (Attempt 1)
2026-09-28 20:47:33,178 [worker-0] INFO: Scraping messages from Telegram channel: Seele_WW_Leak (Attempt 1)
2026-09-28 20:47:34,768 [main] INFO: Spawning worker 1 for channels: waves_wuthering,stepleaker
2026-09-28 20:47:37,666 [worker-1] INFO: Scraping messages from Telegram channel: waves_wuthering (Attempt 1)
2026-09-28 20:47:38,668 [worker-1] INFO: Scraping messages from Telegram channel: stepleaker (Attempt 1)
2026-09-28 20:47:40,470 [main] INFO: Completed full cycle. Sleeping for 300 seconds.
2026-09-28 20:52:40,470 [main] INFO: Spawning worker 0 for channels: disgramtest,Team_Gemberry78,Seele_WW_Leak
2026-09-28 20:52:43,277 [worker-0] INFO: Scraping messages from Telegram channel: disgramtest (Attempt 1)
2026-09-28 20:52:44,172 [worker-0] INFO: Scraping messages from Telegram channel: Team_Gemberry78 (Attempt 1)
2026-09-28 20:52:45,375 [worker-0] INFO: Scraping messages from Telegram channel: Seele_WW_Leak (Attempt 1)
2026-09-28 20:52:46,766 [main] INFO: Spawning worker 1 for channels: waves_wuthering,stepleaker
2026-09-28 20:52:50,070 [worker-1] INFO: Scraping messages from Telegram channel: waves_wuthering (Attempt 1)
2026-09-28 20:52:51,066 [worker-1] INFO: Scraping messages from Telegram channel: stepleaker (Attempt 1)
2026-09-28 20:52:53,172 [main] INFO: Completed full cycle. Sleeping for 300 seconds.
2026-09-28 20:57:53,173 [main] INFO: Spawning worker 0 for channels: disgramtest,Team_Gemberry78,Seele_WW_Leak
2026-09-28 20:57:55,973 [worker-0] INFO: Scraping messages from Telegram channel: disgramtest (Attempt 1)
2026-09-28 20:57:56,871 [worker-0] INFO: Scraping messages from Telegram channel: Team_Gemberry78 (Attempt 1)
2026-09-28 20:57:57,879 [worker-0] INFO: Scraping messages from Telegram channel: Seele_WW_Leak (Attempt 1)
2026-09-28 20:57:59,469 [main] INFO: Spawning worker 1 for channels: waves_wuthering,stepleaker
2026-09-28 20:58:02,368 [worker-1] INFO: Scraping messages from Telegram channel: waves_wuthering (Attempt 1)
2026-09-28 20:58:03,279 [worker-1] INFO: Scraping messages from Telegram channel: stepleaker (Attempt 1)
2026-09-28 20:58:05,580 [main] INFO: Completed full cycle. Sleeping for 300 seconds.
2026-09-28 21:03:05,581 [main] INFO: Spawning worker 0 for channels: disgramtest,Team_Gemberry78,Seele_WW_Leak
2026-09-28 21:03:08,574 [worker-0] INFO: Scraping messages from Telegram channel: disgramtest (Attempt 1)
2026-09-28 21:03:09,567 [worker-0] INFO: Scraping messages from Telegram channel: Team_Gemberry78 (Attempt 1)
2026-09-28 21:03:10,666 [worker-0] INFO: Scraping messages from Telegram channel: Seele_WW_Leak (Attempt 1)
2026-09-28 21:03:12,176 [main] INFO: Spawning worker 1 for channels: waves_wuthering,stepleaker
2026-09-28 21:03:15,078 [worker-1] INFO: Scraping messages from Telegram channel: waves_wuthering (Attempt 1)
2026-09-28 21:03:16,078 [worker-1] INFO: Scraping messages from Telegram channel: stepleaker (Attempt 1)
2026-09-28 21:03:18,067 [main] INFO: Completed full cycle. Sleeping for 300 seconds.
2026-09-28 21:08:18,067 [main] INFO: Spawning worker 0 for channels: disgramtest,Team_Gemberry78,Seele_WW_Leak
2026-09-28 21:08:20,875 [worker-0] INFO: Scraping messages from Telegram channel: disgramtest (Attempt 1)
2026-09-28 21:08:21,871 [worker-0] INFO: Scraping messages from Telegram channel: Team_Gemberry78 (Attempt 1)
2026-09-28 21:08:22,968 [worker-0] INFO: Scraping messages from Telegram channel: Seele_WW_Leak (Attempt 1)
2026-09-28 21:08:24,581 [main] INFO: Spawning worker 1 for channels: waves_wuthering,stepleaker
2026-09-28 21:08:27,668 [worker-1] INFO: Scraping messages from Telegram channel: waves_wuthering (Attempt 1)
2026-09-28 21:08:28,569 [worker-1] INFO: Scraping messages from Telegram channel: stepleaker (Attempt 1)
2026-09-28 21:08:30,970 [main] INFO: Completed full cycle. Sleeping for 300 seconds.
2026-09-28 21:13:30,971 [main] INFO: Spawning worker 0 for channels: disgramtest,Team_Gemberry78,Seele_WW_Leak
2026-09-28 21:13:33,877 [worker-0] INFO: Scraping messages from Telegram channel: disgramtest (Attempt 1)
2026-09-28 21:13:34,873 [worker-0] INFO: Scraping messages from Telegram channel: Team_Gemberry78 (Attempt 1)
2026-09-28 21:13:35,967 [worker-0] INFO: Scraping messages from Telegram channel: Seele_WW_Leak (Attempt 1)
2026-09-28 21:13:37,474 [main] INFO: Spawning worker 1 for channels: waves_wuthering,stepleaker
2026-09-28 21:13:40,274 [worker-1] INFO: Scraping messages from Telegram channel: waves_wuthering (Attempt 1)
2026-09-28 21:13:41,366 [worker-1] INFO: Scraping messages from Telegram channel: stepleaker (Attempt 1)
2026-09-28 21:13:43,275 [main] INFO: Completed full cycle. Sleeping for 300 seconds.
2026-09-28 21:18:43,276 [main] INFO: Spawning worker 0 for channels: disgramtest,Team_Gemberry78,Seele_WW_Leak
2026-09-28 21:18:46,167 [worker-0] INFO: Scraping messages from Telegram channel: disgramtest (Attempt 1)
2026-09-28 21:18:47,067 [worker-0] INFO: Scraping messages from Telegram channel: Team_Gemberry78 (Attempt 1)
2026-09-28 21:18:47,976 [worker-0] INFO: Scraping messages from Telegram channel: Seele_WW_Leak (Attempt 1)
2026-09-28 21:18:49,474 [main] INFO: Spawning worker 1 for channels: waves_wuthering,stepleaker
2026-09-28 21:18:52,877 [worker-1] INFO: Scraping messages from Telegram channel: waves_wuthering (Attempt 1)
2026-09-28 21:18:53,874 [worker-1] INFO: Scraping messages from Telegram channel: stepleaker (Attempt 1)
2026-09-28 21:18:55,778 [main] INFO: Completed full cycle. Sleeping for 300 seconds.
2026-09-28 21:23:55,778 [main] INFO: Spawning worker 0 for channels: disgramtest,Team_Gemberry78,Seele_WW_Leak
2026-09-28 21:23:58,579 [worker-0] INFO: Scraping messages from Telegram channel: disgramtest (Attempt 1)
2026-09-28 21:23:59,769 [worker-0] INFO: Scraping messages from Telegram channel: Team_Gemberry78 (Attempt 1)
2026-09-28 21:24:00,973 [worker-0] INFO: Scraping messages from Telegram channel: Seele_WW_Leak (Attempt 1)
2026-09-28 21:24:02,673 [main] INFO: Spawning worker 1 for channels: waves_wuthering,stepleaker
2026-09-28 21:24:05,875 [worker-1] INFO: Scraping messages from Telegram channel: waves_wuthering (Attempt 1)
2026-09-28 21:24:06,985 [worker-1] INFO: Scraping messages from Telegram channel: stepleaker (Attempt 1)
2026-09-28 21:24:09,278 [main] INFO: Completed full cycle. Sleeping for 300 seconds.
2026-09-28 21:29:09,279 [main] INFO: Spawning worker 0 for channels: disgramtest,Team_Gemberry78,Seele_WW_Leak
2026-09-28 21:29:12,579 [worker-0] INFO: Scraping messages from Telegram channel: disgramtest (Attempt 1)
2026-09-28 21:29:13,570 [worker-0] INFO: Scraping messages from Telegram channel: Team_Gemberry78 (Attempt 1)
2026-09-28 21:29:14,479 [worker-0] INFO: Scraping messages from Telegram channel: Seele_WW_Leak (Attempt 1)
2026-09-28 21:29:16,273 [main] INFO: Spawning worker 1 for channels: waves_wuthering,stepleaker
2026-09-28 21:29:19,079 [worker-1] INFO: Scraping messages from Telegram channel: waves_wuthering (Attempt 1)
2026-09-28 21:29:20,171 [worker-1] INFO: Scraping messages from Telegram channel: stepleaker (Attempt 1)
2026-09-28 21:29:22,270 [main] INFO: Completed full cycle. Sleeping for 300 seconds.
2026-09-28 21:34:22,270 [main] INFO: Spawning worker 0 for channels: disgramtest,Team_Gemberry78,Seele_WW_Leak
2026-09-28 21:34:25,180 [worker-0] INFO: Scraping messages from Telegram channel: disgramtest (Attempt 1)
2026-09-28 21:34:26,178 [worker-0] INFO: Scraping messages from Telegram channel: Team_Gemberry78 (Attempt 1)
2026-09-28 21:34:27,276 [worker-0] INFO: Scraping messages from Telegram channel: Seele_WW_Leak (Attempt 1)
2026-09-28 21:34:29,177 [main] INFO: Spawning worker 1 for channels: waves_wuthering,stepleaker
2026-09-28 21:34:32,278 [worker-1] INFO: Scraping messages from Telegram channel: waves_wuthering (Attempt 1)
2026-09-28 21:34:33,466 [worker-1] INFO: Scraping messages from Telegram channel: stepleaker (Attempt 1)
2026-09-28 21:34:35,370 [main] INFO: Completed full cycle. Sleeping for 300 seconds.
2026-09-28 21:39:35,372 [main] INFO: Spawning worker 0 for channels: disgramtest,Team_Gemberry78,Seele_WW_Leak
2026-09-28 21:39:38,166 [worker-0] INFO: Scraping messages from Telegram channel: disgramtest (Attempt 1)
2026-09-28 21:39:39,079 [worker-0] INFO: Scraping messages from Telegram channel: Team_Gemberry78 (Attempt 1)
2026-09-28 21:39:40,174 [worker-0] INFO: Scraping messages from Telegram channel: Seele_WW_Leak (Attempt 1)
2026-09-28 21:39:41,667 [main] INFO: Spawning worker 1 for channels: waves_wuthering,stepleaker
2026-09-28 21:39:44,375 [worker-1] INFO: Scraping messages from Telegram channel: waves_wuthering (Attempt 1)
2026-09-28 21:39:45,369 [worker-1] INFO: Scraping messages from Telegram channel: stepleaker (Attempt 1)
2026-09-28 21:39:47,265 [main] INFO: Completed full cycle. Sleeping for 300 seconds.
2026-09-28 21:44:47,266 [main] INFO: Spawning worker 0 for channels: disgramtest,Team_Gemberry78,Seele_WW_Leak
2026-09-28 21:44:50,077 [worker-0] INFO: Scraping messages from Telegram channel: disgramtest (Attempt 1)
2026-09-28 21:44:51,079 [worker-0] INFO: Scraping messages from Telegram channel: Team_Gemberry78 (Attempt 1)
2026-09-28 21:44:52,365 [worker-0] INFO: Scraping messages from Telegram channel: Seele_WW_Leak (Attempt 1)
2026-09-28 21:44:53,771 [main] INFO: Spawning worker 1 for channels: waves_wuthering,stepleaker
2026-09-28 21:44:56,674 [worker-1] INFO: Scraping messages from Telegram channel: waves_wuthering (Attempt 1)
2026-09-28 21:44:57,575 [worker-1] INFO: Scraping messages from Telegram channel: stepleaker (Attempt 1)
2026-09-28 21:44:59,570 [main] INFO: Completed full cycle. Sleeping for 300 seconds.
2026-09-28 21:49:59,570 [main] INFO: Spawning worker 0 for channels: disgramtest,Team_Gemberry78,Seele_WW_Leak
2026-09-28 21:50:02,676 [worker-0] INFO: Scraping messages from Telegram channel: disgramtest (Attempt 1)
2026-09-28 21:50:03,674 [worker-0] INFO: Scraping messages from Telegram channel: Team_Gemberry78 (Attempt 1)
2026-09-28 21:50:04,678 [worker-0] INFO: Scraping messages from Telegram channel: Seele_WW_Leak (Attempt 1)
2026-09-28 21:50:06,586 [main] INFO: Spawning worker 1 for channels: waves_wuthering,stepleaker
2026-09-28 21:50:09,868 [worker-1] INFO: Scraping messages from Telegram channel: waves_wuthering (Attempt 1)
2026-09-28 21:50:10,968 [worker-1] INFO: Scraping messages from Telegram channel: stepleaker (Attempt 1)
2026-09-28 21:50:12,783 [main] INFO: Completed full cycle. Sleeping for 300 seconds.
2026-09-28 21:55:12,784 [main] INFO: Spawning worker 0 for channels: disgramtest,Team_Gemberry78,Seele_WW_Leak
2026-09-28 21:55:15,779 [worker-0] INFO: Scraping messages from Telegram channel: disgramtest (Attempt 1)
2026-09-28 21:55:16,868 [worker-0] INFO: Scraping messages from Telegram channel: Team_Gemberry78 (Attempt 1)
2026-09-28 21:55:18,069 [worker-0] INFO: Scraping messages from Telegram channel: Seele_WW_Leak (Attempt 1)
2026-09-28 21:55:19,677 [main] INFO: Spawning worker 1 for channels: waves_wuthering,stepleaker
2026-09-28 21:55:22,669 [worker-1] INFO: Scraping messages from Telegram channel: waves_wuthering (Attempt 1)
2026-09-28 21:55:23,579 [worker-1] INFO: Scraping messages from Telegram channel: stepleaker (Attempt 1)
2026-09-28 21:55:25,676 [main] INFO: Completed full cycle. Sleeping for 300 seconds.
2026-09-28 22:00:25,677 [main] INFO: Spawning worker 0 for channels: disgramtest,Team_Gemberry78,Seele_WW_Leak
2026-09-28 22:00:28,377 [worker-0] INFO: Scraping messages from Telegram channel: disgramtest (Attempt 1)
2026-09-28 22:00:29,367 [worker-0] INFO: Scraping messages from Telegram channel: Team_Gemberry78 (Attempt 1)
2026-09-28 22:00:30,366 [worker-0] INFO: Scraping messages from Telegram channel: Seele_WW_Leak (Attempt 1)
2026-09-28 22:00:31,969 [main] INFO: Spawning worker 1 for channels: waves_wuthering,stepleaker
2026-09-28 22:00:35,172 [worker-1] INFO: Scraping messages from Telegram channel: waves_wuthering (Attempt 1)
2026-09-28 22:00:36,368 [worker-1] INFO: Scraping messages from Telegram channel: stepleaker (Attempt 1)
2026-09-28 22:00:38,368 [main] INFO: Completed full cycle. Sleeping for 300 seconds.
2026-09-28 22:05:38,374 [main] INFO: Spawning worker 0 for channels: disgramtest,Team_Gemberry78,Seele_WW_Leak
2026-09-28 22:05:41,475 [worker-0] INFO: Scraping messages from Telegram channel: disgramtest (Attempt 1)
2026-09-28 22:05:42,380 [worker-0] INFO: Scraping messages from Telegram channel: Team_Gemberry78 (Attempt 1)
2026-09-28 22:05:43,679 [worker-0] INFO: Scraping messages from Telegram channel: Seele_WW_Leak (Attempt 1)
2026-09-28 22:05:45,367 [main] INFO: Spawning worker 1 for channels: waves_wuthering,stepleaker
2026-09-28 22:05:48,090 [worker-1] INFO: Scraping messages from Telegram channel: waves_wuthering (Attempt 1)
2026-09-28 22:05:49,366 [worker-1] INFO: Scraping messages from Telegram channel: stepleaker (Attempt 1)
2026-09-28 22:05:51,268 [main] INFO: Completed full cycle. Sleeping for 300 seconds.
2026-09-28 22:10:51,269 [main] INFO: Spawning worker 0 for channels: disgramtest,Team_Gemberry78,Seele_WW_Leak
2026-09-28 22:10:54,471 [worker-0] INFO: Scraping messages from Telegram channel: disgramtest (Attempt 1)
2026-09-28 22:10:55,378 [worker-0] INFO: Scraping messages from Telegram channel: Team_Gemberry78 (Attempt 1)
2026-09-28 22:10:56,473 [worker-0] INFO: Scraping messages from Telegram channel: Seele_WW_Leak (Attempt 1)
2026-09-28 22:10:58,066 [main] INFO: Spawning worker 1 for channels: waves_wuthering,stepleaker
2026-09-28 22:11:01,174 [worker-1] INFO: Scraping messages from Telegram channel: waves_wuthering (Attempt 1)
2026-09-28 22:11:02,174 [worker-1] INFO: Scraping messages from Telegram channel: stepleaker (Attempt 1)
2026-09-28 22:11:04,170 [main] INFO: Completed full cycle. Sleeping for 300 seconds.
2026-09-28 22:16:04,171 [main] INFO: Spawning worker 0 for channels: disgramtest,Team_Gemberry78,Seele_WW_Leak
2026-09-28 22:16:07,276 [worker-0] INFO: Scraping messages from Telegram channel: disgramtest (Attempt 1)
2026-09-28 22:16:08,168 [worker-0] INFO: Scraping messages from Telegram channel: Team_Gemberry78 (Attempt 1)
2026-09-28 22:16:09,369 [worker-0] INFO: Scraping messages from Telegram channel: Seele_WW_Leak (Attempt 1)
2026-09-28 22:16:11,076 [main] INFO: Spawning worker 1 for channels: waves_wuthering,stepleaker
2026-09-28 22:16:13,876 [worker-1] INFO: Scraping messages from Telegram channel: waves_wuthering (Attempt 1)
2026-09-28 22:16:14,873 [worker-1] INFO: Scraping messages from Telegram channel: stepleaker (Attempt 1)
2026-09-28 22:16:16,674 [main] INFO: Completed full cycle. Sleeping for 300 seconds.
2026-09-28 22:21:16,675 [main] INFO: Spawning worker 0 for channels: disgramtest,Team_Gemberry78,Seele_WW_Leak
2026-09-28 22:21:19,568 [worker-0] INFO: Scraping messages from Telegram channel: disgramtest (Attempt 1)
2026-09-28 22:21:20,477 [worker-0] INFO: Scraping messages from Telegram channel: Team_Gemberry78 (Attempt 1)
2026-09-28 22:21:21,580 [worker-0] INFO: Scraping messages from Telegram channel: Seele_WW_Leak (Attempt 1)
2026-09-28 22:21:22,979 [main] INFO: Spawning worker 1 for channels: waves_wuthering,stepleaker
2026-09-28 22:21:26,079 [worker-1] INFO: Scraping messages from Telegram channel: waves_wuthering (Attempt 1)
2026-09-28 22:21:27,168 [worker-1] INFO: Scraping messages from Telegram channel: stepleaker (Attempt 1)
2026-09-28 22:21:29,082 [main] INFO: Completed full cycle. Sleeping for 300 seconds.
2026-09-28 22:26:29,083 [main] INFO: Spawning worker 0 for channels: disgramtest,Team_Gemberry78,Seele_WW_Leak
2026-09-28 22:26:32,066 [worker-0] INFO: Scraping messages from Telegram channel: disgramtest (Attempt 1)
2026-09-28 22:26:33,074 [worker-0] INFO: Scraping messages from Telegram channel: Team_Gemberry78 (Attempt 1)
2026-09-28 22:26:34,269 [worker-0] INFO: Scraping messages from Telegram channel: Seele_WW_Leak (Attempt 1)
2026-09-28 22:26:36,277 [main] INFO: Spawning worker 1 for channels: waves_wuthering,stepleaker
2026-09-28 22:26:39,371 [worker-1] INFO: Scraping messages from Telegram channel: waves_wuthering (Attempt 1)
2026-09-28 22:26:40,374 [worker-1] INFO: Scraping messages from Telegram channel: stepleaker (Attempt 1)
2026-09-28 22:26:42,370 [main] INFO: Completed full cycle. Sleeping for 300 seconds.
2026-09-28 22:31:42,371 [main] INFO: Spawning worker 0 for channels: disgramtest,Team_Gemberry78,Seele_WW_Leak
2026-09-28 22:31:45,765 [worker-0] INFO: Scraping messages from Telegram channel: disgramtest (Attempt 1)
2026-09-28 22:31:46,666 [worker-0] INFO: Scraping messages from Telegram channel: Team_Gemberry78 (Attempt 1)
2026-09-28 22:31:47,579 [worker-0] INFO: Scraping messages from Telegram channel: Seele_WW_Leak (Attempt 1)
2026-09-28 22:31:49,273 [main] INFO: Spawning worker 1 for channels: waves_wuthering,stepleaker
2026-09-28 22:31:52,277 [worker-1] INFO: Scraping messages from Telegram channel: waves_wuthering (Attempt 1)
2026-09-28 22:31:53,367 [worker-1] INFO: Scraping messages from Telegram channel: stepleaker (Attempt 1)
2026-09-28 22:31:55,567 [main] INFO: Completed full cycle. Sleeping for 300 seconds.
2026-09-28 22:36:55,568 [main] INFO: Spawning worker 0 for channels: disgramtest,Team_Gemberry78,Seele_WW_Leak
2026-09-28 22:36:58,672 [worker-0] INFO: Scraping messages from Telegram channel: disgramtest (Attempt 1)
2026-09-28 22:36:59,572 [worker-0] INFO: Scraping messages from Telegram channel: Team_Gemberry78 (Attempt 1)
2026-09-28 22:37:00,869 [worker-0] INFO: Scraping messages from Telegram channel: Seele_WW_Leak (Attempt 1)
2026-09-28 22:37:02,473 [main] INFO: Spawning worker 1 for channels: waves_wuthering,stepleaker
2026-09-28 22:37:05,379 [worker-1] INFO: Scraping messages from Telegram channel: waves_wuthering (Attempt 1)
2026-09-28 22:37:06,473 [worker-1] INFO: Scraping messages from Telegram channel: stepleaker (Attempt 1)
2026-09-28 22:37:08,574 [main] INFO: Completed full cycle. Sleeping for 300 seconds.
2026-09-28 22:42:08,576 [main] INFO: Spawning worker 0 for channels: disgramtest,Team_Gemberry78,Seele_WW_Leak
2026-09-28 22:42:11,766 [worker-0] INFO: Scraping messages from Telegram channel: disgramtest (Attempt 1)
2026-09-28 22:42:12,673 [worker-0] INFO: Scraping messages from Telegram channel: Team_Gemberry78 (Attempt 1)
2026-09-28 22:42:13,666 [worker-0] INFO: Scraping messages from Telegram channel: Seele_WW_Leak (Attempt 1)
2026-09-28 22:42:15,269 [main] INFO: Spawning worker 1 for channels: waves_wuthering,stepleaker
2026-09-28 22:42:17,975 [worker-1] INFO: Scraping messages from Telegram channel: waves_wuthering (Attempt 1)
2026-09-28 22:42:18,967 [worker-1] INFO: Scraping messages from Telegram channel: stepleaker (Attempt 1)
2026-09-28 22:42:20,773 [main] INFO: Completed full cycle. Sleeping for 300 seconds.
2026-09-28 22:47:20,774 [main] INFO: Spawning worker 0 for channels: disgramtest,Team_Gemberry78,Seele_WW_Leak
2026-09-28 22:47:24,087 [worker-0] INFO: Scraping messages from Telegram channel: disgramtest (Attempt 1)
2026-09-28 22:47:25,180 [worker-0] INFO: Scraping messages from Telegram channel: Team_Gemberry78 (Attempt 1)
2026-09-28 22:47:26,278 [worker-0] INFO: Scraping messages from Telegram channel: Seele_WW_Leak (Attempt 1)
2026-09-28 22:47:28,172 [main] INFO: Spawning worker 1 for channels: waves_wuthering,stepleaker
2026-09-28 22:47:31,266 [worker-1] INFO: Scraping messages from Telegram channel: waves_wuthering (Attempt 1)
2026-09-28 22:47:32,267 [worker-1] INFO: Scraping messages from Telegram channel: stepleaker (Attempt 1)
2026-09-28 22:47:34,474 [main] INFO: Completed full cycle. Sleeping for 300 seconds.
2026-09-28 22:52:34,475 [main] INFO: Spawning worker 0 for channels: disgramtest,Team_Gemberry78,Seele_WW_Leak
2026-09-28 22:52:37,370 [worker-0] INFO: Scraping messages from Telegram channel: disgramtest (Attempt 1)
2026-09-28 22:52:38,369 [worker-0] INFO: Scraping messages from Telegram channel: Team_Gemberry78 (Attempt 1)
2026-09-28 22:52:39,471 [worker-0] INFO: Scraping messages from Telegram channel: Seele_WW_Leak (Attempt 1)
2026-09-28 22:52:41,280 [main] INFO: Spawning worker 1 for channels: waves_wuthering,stepleaker
2026-09-28 22:52:44,671 [worker-1] INFO: Scraping messages from Telegram channel: waves_wuthering (Attempt 1)
2026-09-28 22:52:45,766 [worker-1] INFO: Scraping messages from Telegram channel: stepleaker (Attempt 1)
2026-09-28 22:52:47,770 [main] INFO: Completed full cycle. Sleeping for 300 seconds.
2026-09-28 22:57:47,771 [main] INFO: Spawning worker 0 for channels: disgramtest,Team_Gemberry78,Seele_WW_Leak
2026-09-28 22:57:50,472 [worker-0] INFO: Scraping messages from Telegram channel: disgramtest (Attempt 1)
2026-09-28 22:57:51,469 [worker-0] INFO: Scraping messages from Telegram channel: Team_Gemberry78 (Attempt 1)
2026-09-28 22:57:52,465 [worker-0] INFO: Scraping messages from Telegram channel: Seele_WW_Leak (Attempt 1)
2026-09-28 22:57:54,169 [main] INFO: Spawning worker 1 for channels: waves_wuthering,stepleaker
2026-09-28 22:57:57,878 [worker-1] INFO: Scraping messages from Telegram channel: waves_wuthering (Attempt 1)
2026-09-28 22:57:59,001 [worker-1] INFO: Scraping messages from Telegram channel: stepleaker (Attempt 1)
2026-09-28 22:58:01,174 [main] INFO: Completed full cycle. Sleeping for 300 seconds.
2026-09-28 23:03:01,174 [main] INFO: Spawning worker 0 for channels: disgramtest,Team_Gemberry78,Seele_WW_Leak
2026-09-28 23:03:04,274 [worker-0] INFO: Scraping messages from Telegram channel: disgramtest (Attempt 1)
2026-09-28 23:03:05,274 [worker-0] INFO: Scraping messages from Telegram channel: Team_Gemberry78 (Attempt 1)
2026-09-28 23:03:06,368 [worker-0] INFO: Scraping messages from Telegram channel: Seele_WW_Leak (Attempt 1)
2026-09-28 23:03:08,068 [main] INFO: Spawning worker 1 for channels: waves_wuthering,stepleaker
2026-09-28 23:03:10,979 [worker-1] INFO: Scraping messages from Telegram channel: waves_wuthering (Attempt 1)
2026-09-28 23:03:12,083 [worker-1] INFO: Scraping messages from Telegram channel: stepleaker (Attempt 1)
2026-09-28 23:03:14,469 [main] INFO: Completed full cycle. Sleeping for 300 seconds.
2026-09-28 23:08:14,470 [main] INFO: Spawning worker 0 for channels: disgramtest,Team_Gemberry78,Seele_WW_Leak
2026-09-28 23:08:17,367 [worker-0] INFO: Scraping messages from Telegram channel: disgramtest (Attempt 1)
2026-09-28 23:08:18,179 [worker-0] INFO: Scraping messages from Telegram channel: Team_Gemberry78 (Attempt 1)
2026-09-28 23:08:19,179 [worker-0] INFO: Scraping messages from Telegram channel: Seele_WW_Leak (Attempt 1)
2026-09-28 23:08:20,772 [main] INFO: Spawning worker 1 for channels: waves_wuthering,stepleaker
2026-09-28 23:08:23,670 [worker-1] INFO: Scraping messages from Telegram channel: waves_wuthering (Attempt 1)
2026-09-28 23:08:24,676 [worker-1] INFO: Scraping messages from Telegram channel: stepleaker (Attempt 1)
2026-09-28 23:08:26,471 [main] INFO: Completed full cycle. Sleeping for 300 seconds.
2026-09-28 23:13:26,472 [main] INFO: Spawning worker 0 for channels: disgramtest,Team_Gemberry78,Seele_WW_Leak
2026-09-28 23:13:29,280 [worker-0] INFO: Scraping messages from Telegram channel: disgramtest (Attempt 1)
2026-09-28 23:13:30,471 [worker-0] INFO: Scraping messages from Telegram channel: Team_Gemberry78 (Attempt 1)
2026-09-28 23:13:31,682 [worker-0] INFO: Scraping messages from Telegram channel: Seele_WW_Leak (Attempt 1)
2026-09-28 23:13:33,471 [main] INFO: Spawning worker 1 for channels: waves_wuthering,stepleaker
2026-09-28 23:13:36,476 [worker-1] INFO: Scraping messages from Telegram channel: waves_wuthering (Attempt 1)
2026-09-28 23:13:37,477 [worker-1] INFO: Scraping messages from Telegram channel: stepleaker (Attempt 1)
2026-09-28 23:13:39,265 [main] INFO: Completed full cycle. Sleeping for 300 seconds.
2026-09-28 23:18:39,266 [main] INFO: Spawning worker 0 for channels: disgramtest,Team_Gemberry78,Seele_WW_Leak
2026-09-28 23:18:42,168 [worker-0] INFO: Scraping messages from Telegram channel: disgramtest (Attempt 1)
2026-09-28 23:18:43,068 [worker-0] INFO: Scraping messages from Telegram channel: Team_Gemberry78 (Attempt 1)
2026-09-28 23:18:44,177 [worker-0] INFO: Scraping messages from Telegram channel: Seele_WW_Leak (Attempt 1)
2026-09-28 23:18:45,969 [main] INFO: Spawning worker 1 for channels: waves_wuthering,stepleaker
2026-09-28 23:18:49,177 [worker-1] INFO: Scraping messages from Telegram channel: waves_wuthering (Attempt 1)
2026-09-28 23:18:50,167 [worker-1] INFO: Scraping messages from Telegram channel: stepleaker (Attempt 1)
2026-09-28 23:18:52,269 [main] INFO: Completed full cycle. Sleeping for 300 seconds.
2026-09-28 23:23:52,270 [main] INFO: Spawning worker 0 for channels: disgramtest,Team_Gemberry78,Seele_WW_Leak
2026-09-28 23:23:55,272 [worker-0] INFO: Scraping messages from Telegram channel: disgramtest (Attempt 1)
2026-09-28 23:23:56,172 [worker-0] INFO: Scraping messages from Telegram channel: Team_Gemberry78 (Attempt 1)
2026-09-28 23:23:57,079 [worker-0] INFO: Scraping messages from Telegram channel: Seele_WW_Leak (Attempt 1)
2026-09-28 23:23:59,184 [main] INFO: Spawning worker 1 for channels: waves_wuthering,stepleaker
2026-09-28 23:24:02,369 [worker-1] INFO: Scraping messages from Telegram channel: waves_wuthering (Attempt 1)
2026-09-28 23:24:03,279 [worker-1] INFO: Scraping messages from Telegram channel: stepleaker (Attempt 1)
2026-09-28 23:24:05,173 [main] INFO: Completed full cycle. Sleeping for 300 seconds.
2026-09-28 23:29:05,174 [main] INFO: Spawning worker 0 for channels: disgramtest,Team_Gemberry78,Seele_WW_Leak
2026-09-28 23:29:07,874 [worker-0] INFO: Scraping messages from Telegram channel: disgramtest (Attempt 1)
2026-09-28 23:29:08,769 [worker-0] INFO: Scraping messages from Telegram channel: Team_Gemberry78 (Attempt 1)
2026-09-28 23:29:09,873 [worker-0] INFO: Scraping messages from Telegram channel: Seele_WW_Leak (Attempt 1)
2026-09-28 23:29:11,576 [main] INFO: Spawning worker 1 for channels: waves_wuthering,stepleaker
2026-09-28 23:29:14,771 [worker-1] INFO: Scraping messages from Telegram channel: waves_wuthering (Attempt 1)
2026-09-28 23:29:15,680 [worker-1] INFO: Scraping messages from Telegram channel: stepleaker (Attempt 1)
2026-09-28 23:29:17,675 [main] INFO: Completed full cycle. Sleeping for 300 seconds.
2026-09-28 23:34:17,676 [main] INFO: Spawning worker 0 for channels: disgramtest,Team_Gemberry78,Seele_WW_Leak
2026-09-28 23:34:21,072 [worker-0] INFO: Scraping messages from Telegram channel: disgramtest (Attempt 1)
2026-09-28 23:34:22,068 [worker-0] INFO: Scraping messages from Telegram channel: Team_Gemberry78 (Attempt 1)
2026-09-28 23:34:22,975 [worker-0] INFO: Scraping messages from Telegram channel: Seele_WW_Leak (Attempt 1)
2026-09-28 23:34:24,669 [main] INFO: Spawning worker 1 for channels: waves_wuthering,stepleaker
2026-09-28 23:34:27,572 [worker-1] INFO: Scraping messages from Telegram channel: waves_wuthering (Attempt 1)
2026-09-28 23:34:28,668 [worker-1] INFO: Scraping messages from Telegram channel: stepleaker (Attempt 1)
2026-09-28 23:34:30,572 [main] INFO: Completed full cycle. Sleeping for 300 seconds.
2026-09-28 23:39:30,573 [main] INFO: Spawning worker 0 for channels: disgramtest,Team_Gemberry78,Seele_WW_Leak
2026-09-28 23:39:33,567 [worker-0] INFO: Scraping messages from Telegram channel: disgramtest (Attempt 1)
2026-09-28 23:39:34,667 [worker-0] INFO: Scraping messages from Telegram channel: Team_Gemberry78 (Attempt 1)
2026-09-28 23:39:35,872 [worker-0] INFO: Scraping messages from Telegram channel: Seele_WW_Leak (Attempt 1)
2026-09-28 23:39:37,473 [main] INFO: Spawning worker 1 for channels: waves_wuthering,stepleaker
2026-09-28 23:39:40,467 [worker-1] INFO: Scraping messages from Telegram channel: waves_wuthering (Attempt 1)
2026-09-28 23:39:41,468 [worker-1] INFO: Scraping messages from Telegram channel: stepleaker (Attempt 1)
2026-09-28 23:39:43,271 [main] INFO: Completed full cycle. Sleeping for 300 seconds.
2026-09-28 23:44:43,272 [main] INFO: Spawning worker 0 for channels: disgramtest,Team_Gemberry78,Seele_WW_Leak
2026-09-28 23:44:46,171 [worker-0] INFO: Scraping messages from Telegram channel: disgramtest (Attempt 1)
2026-09-28 23:44:46,978 [worker-0] INFO: Scraping messages from Telegram channel: Team_Gemberry78 (Attempt 1)
2026-09-28 23:44:47,980 [worker-0] INFO: Scraping messages from Telegram channel: Seele_WW_Leak (Attempt 1)
2026-09-28 23:44:49,986 [main] INFO: Spawning worker 1 for channels: waves_wuthering,stepleaker
2026-09-28 23:44:52,973 [worker-1] INFO: Scraping messages from Telegram channel: waves_wuthering (Attempt 1)
2026-09-28 23:44:53,969 [worker-1] INFO: Scraping messages from Telegram channel: stepleaker (Attempt 1)
2026-09-28 23:44:55,772 [main] INFO: Completed full cycle. Sleeping for 300 seconds.
2026-09-28 23:49:55,773 [main] INFO: Spawning worker 0 for channels: disgramtest,Team_Gemberry78,Seele_WW_Leak
2026-09-28 23:49:58,576 [worker-0] INFO: Scraping messages from Telegram channel: disgramtest (Attempt 1)
2026-09-28 23:49:59,571 [worker-0] INFO: Scraping messages from Telegram channel: Team_Gemberry78 (Attempt 1)
2026-09-28 23:50:00,479 [worker-0] INFO: Scraping messages from Telegram channel: Seele_WW_Leak (Attempt 1)
2026-09-28 23:50:02,174 [main] INFO: Spawning worker 1 for channels: waves_wuthering,stepleaker
2026-09-28 23:50:05,479 [worker-1] INFO: Scraping messages from Telegram channel: waves_wuthering (Attempt 1)
2026-09-28 23:50:06,570 [worker-1] INFO: Scraping messages from Telegram channel: stepleaker (Attempt 1)
2026-09-28 23:50:08,573 [main] INFO: Completed full cycle. Sleeping for 300 seconds.
2026-09-28 23:55:08,573 [main] INFO: Spawning worker 0 for channels: disgramtest,Team_Gemberry78,Seele_WW_Leak
2026-09-28 23:55:11,580 [worker-0] INFO: Scraping messages from Telegram channel: disgramtest (Attempt 1)
2026-09-28 23:55:12,769 [worker-0] INFO: Scraping messages from Telegram channel: Team_Gemberry78 (Attempt 1)
2026-09-28 23:55:13,866 [worker-0] INFO: Scraping messages from Telegram channel: Seele_WW_Leak (Attempt 1)
2026-09-28 23:55:15,581 [main] INFO: Spawning worker 1 for channels: waves_wuthering,stepleaker
2026-09-28 23:55:18,669 [worker-1] INFO: Scraping messages from Telegram channel: waves_wuthering (Attempt 1)
2026-09-28 23:55:19,677 [worker-1] INFO: Scraping messages from Telegram channel: stepleaker (Attempt 1)
2026-09-28 23:55:21,573 [main] INFO: Completed full cycle. Sleeping for 300 seconds.
2026-09-29 00:00:21,574 [main] INFO: Spawning worker 0 for channels: disgramtest,Team_Gemberry78,Seele_WW_Leak
2026-09-29 00:00:25,065 [worker-0] INFO: Scraping messages from Telegram channel: disgramtest (Attempt 1)
2026-09-29 00:00:25,975 [worker-0] INFO: Scraping messages from Telegram channel: Team_Gemberry78 (Attempt 1)
2026-09-29 00:00:26,822 [main] INFO: Background commit triggered by scheduled, committing log changes...
2026-09-29 00:00:27,666 [worker-0] INFO: Scraping messages from Telegram channel: Seele_WW_Leak (Attempt 1)
2026-09-29 00:00:28,020 [main] INFO: Successfully generated new GitHub App installation token
2026-09-29 00:00:28,029 [main] INFO: Git authentication configured for repository: SimpNick6703/Disgram.git
2026-09-29 00:00:29,965 [main] INFO: Spawning worker 1 for channels: waves_wuthering,stepleaker
2026-09-29 00:00:32,667 [main] INFO: Log files to be committed: Disgram.log
